Component: ARM Compiler 5.06 update 6 (build 750) Tool: armlink [4d35ed]

==============================================================================

Section Cross References

    startup_stm32l152xb.o(RESET) refers to startup_stm32l152xb.o(STACK) for __initial_sp
    startup_stm32l152xb.o(RESET) refers to startup_stm32l152xb.o(.text) for Reset_Handler
    startup_stm32l152xb.o(RESET) refers to stm32l1xx_it.o(i.NMI_Handler) for NMI_Handler
    startup_stm32l152xb.o(RESET) refers to stm32l1xx_it.o(i.HardFault_Handler) for HardFault_Handler
    startup_stm32l152xb.o(RESET) refers to stm32l1xx_it.o(i.MemManage_Handler) for MemManage_Handler
    startup_stm32l152xb.o(RESET) refers to stm32l1xx_it.o(i.BusFault_Handler) for BusFault_Handler
    startup_stm32l152xb.o(RESET) refers to stm32l1xx_it.o(i.UsageFault_Handler) for UsageFault_Handler
    startup_stm32l152xb.o(RESET) refers to stm32l1xx_it.o(i.SVC_Handler) for SVC_Handler
    startup_stm32l152xb.o(RESET) refers to stm32l1xx_it.o(i.DebugMon_Handler) for DebugMon_Handler
    startup_stm32l152xb.o(RESET) refers to stm32l1xx_it.o(i.PendSV_Handler) for PendSV_Handler
    startup_stm32l152xb.o(RESET) refers to stm32l1xx_it.o(i.SysTick_Handler) for SysTick_Handler
    startup_stm32l152xb.o(RESET) refers to main.o(i.EXTI0_IRQHandler) for EXTI0_IRQHandler
    startup_stm32l152xb.o(RESET) refers to main.o(i.TIM3_IRQHandler) for TIM3_IRQHandler
    startup_stm32l152xb.o(RESET) refers to main.o(i.TIM4_IRQHandler) for TIM4_IRQHandler
    startup_stm32l152xb.o(.text) refers to system_stm32l1xx.o(i.SystemInit) for SystemInit
    startup_stm32l152xb.o(.text) refers to entry.o(.ARM.Collect$$$$00000000) for __main
    mi_biblioteca.o(i.convierteDecimal) refers to mi_biblioteca.o(.data) for num
    mi_biblioteca.o(i.espera) refers to mi_biblioteca.o(i.espera_segundo) for espera_segundo
    mi_biblioteca.o(i.espera) refers to dadd.o(.text) for __aeabi_dadd
    mi_biblioteca.o(i.espera) refers to cdrcmple.o(.text) for __aeabi_cdrcmple
    mi_biblioteca.o(i.espera_decima_segundo) refers to dadd.o(.text) for __aeabi_dadd
    mi_biblioteca.o(i.espera_decima_segundo) refers to cdcmple.o(.text) for __aeabi_cdcmple
    mi_biblioteca.o(i.espera_milesima_segundo) refers to dadd.o(.text) for __aeabi_dadd
    mi_biblioteca.o(i.espera_milesima_segundo) refers to cdcmple.o(.text) for __aeabi_cdcmple
    main.o(i.EXTI0_IRQHandler) refers to main.o(.data) for pulsacion
    main.o(i.HAL_UART_RxCpltCallback) refers to stm32l1xx_hal_uart.o(i.HAL_UART_Receive_IT) for HAL_UART_Receive_IT
    main.o(i.HAL_UART_RxCpltCallback) refers to main.o(.data) for valorUART
    main.o(i.HAL_UART_RxCpltCallback) refers to main.o(.bss) for huart1
    main.o(i.MX_ADC_Init) refers to stm32l1xx_hal_adc.o(i.HAL_ADC_Init) for HAL_ADC_Init
    main.o(i.MX_ADC_Init) refers to main.o(i.Error_Handler) for Error_Handler
    main.o(i.MX_ADC_Init) refers to stm32l1xx_hal_adc.o(i.HAL_ADC_ConfigChannel) for HAL_ADC_ConfigChannel
    main.o(i.MX_ADC_Init) refers to main.o(.bss) for hadc
    main.o(i.MX_DAC_Init) refers to stm32l1xx_hal_dac.o(i.HAL_DAC_Init) for HAL_DAC_Init
    main.o(i.MX_DAC_Init) refers to main.o(i.Error_Handler) for Error_Handler
    main.o(i.MX_DAC_Init) refers to stm32l1xx_hal_dac.o(i.HAL_DAC_ConfigChannel) for HAL_DAC_ConfigChannel
    main.o(i.MX_DAC_Init) refers to main.o(.bss) for hdac
    main.o(i.MX_GPIO_Init) refers to memseta.o(.text) for __aeabi_memclr4
    main.o(i.MX_GPIO_Init) refers to stm32l1xx_hal_gpio.o(i.HAL_GPIO_Init) for HAL_GPIO_Init
    main.o(i.MX_LCD_Init) refers to stm32l1xx_hal_lcd.o(i.HAL_LCD_Init) for HAL_LCD_Init
    main.o(i.MX_LCD_Init) refers to main.o(i.Error_Handler) for Error_Handler
    main.o(i.MX_LCD_Init) refers to main.o(.bss) for hlcd
    main.o(i.MX_TIM2_Init) refers to stm32l1xx_hal_tim.o(i.HAL_TIM_Base_Init) for HAL_TIM_Base_Init
    main.o(i.MX_TIM2_Init) refers to main.o(i.Error_Handler) for Error_Handler
    main.o(i.MX_TIM2_Init) refers to stm32l1xx_hal_tim.o(i.HAL_TIM_ConfigClockSource) for HAL_TIM_ConfigClockSource
    main.o(i.MX_TIM2_Init) refers to stm32l1xx_hal_tim_ex.o(i.HAL_TIMEx_MasterConfigSynchronization) for HAL_TIMEx_MasterConfigSynchronization
    main.o(i.MX_TIM2_Init) refers to main.o(.bss) for htim2
    main.o(i.MX_TIM3_Init) refers to stm32l1xx_hal_tim.o(i.HAL_TIM_Base_Init) for HAL_TIM_Base_Init
    main.o(i.MX_TIM3_Init) refers to main.o(i.Error_Handler) for Error_Handler
    main.o(i.MX_TIM3_Init) refers to stm32l1xx_hal_tim.o(i.HAL_TIM_ConfigClockSource) for HAL_TIM_ConfigClockSource
    main.o(i.MX_TIM3_Init) refers to stm32l1xx_hal_tim_ex.o(i.HAL_TIMEx_MasterConfigSynchronization) for HAL_TIMEx_MasterConfigSynchronization
    main.o(i.MX_TIM3_Init) refers to main.o(.bss) for htim3
    main.o(i.MX_TIM4_Init) refers to stm32l1xx_hal_tim.o(i.HAL_TIM_Base_Init) for HAL_TIM_Base_Init
    main.o(i.MX_TIM4_Init) refers to main.o(i.Error_Handler) for Error_Handler
[...]
    Removing stm32l1xx_hal_tim.o(i.HAL_TIM_Base_DeInit), (60 bytes).
    Removing stm32l1xx_hal_tim.o(i.HAL_TIM_Base_GetState), (8 bytes).
    Removing stm32l1xx_hal_tim.o(i.HAL_TIM_Base_MspDeInit), (2 bytes).
    Removing stm32l1xx_hal_tim.o(i.HAL_TIM_Base_MspInit), (2 bytes).
    Removing stm32l1xx_hal_tim.o(i.HAL_TIM_Base_Start), (30 bytes).
    Removing stm32l1xx_hal_tim.o(i.HAL_TIM_Base_Start_DMA), (112 bytes).
    Removing stm32l1xx_hal_tim.o(i.HAL_TIM_Base_Start_IT), (30 bytes).
    Removing stm32l1xx_hal_tim.o(i.HAL_TIM_Base_Stop), (46 bytes).
    Removing stm32l1xx_hal_tim.o(i.HAL_TIM_Base_Stop_DMA), (52 bytes).
    Removing stm32l1xx_hal_tim.o(i.HAL_TIM_Base_Stop_IT), (46 bytes).
    Removing stm32l1xx_hal_tim.o(i.HAL_TIM_ConfigOCrefClear), (292 bytes).
    Removing stm32l1xx_hal_tim.o(i.HAL_TIM_ConfigTI1Input), (24 bytes).
    Removing stm32l1xx_hal_tim.o(i.HAL_TIM_DMABurst_ReadStart), (348 bytes).
    Removing stm32l1xx_hal_tim.o(i.HAL_TIM_DMABurst_ReadStop), (114 bytes).
    Removing stm32l1xx_hal_tim.o(i.HAL_TIM_DMABurst_WriteStart), (348 bytes).
    Removing stm32l1xx_hal_tim.o(i.HAL_TIM_DMABurst_WriteStop), (114 bytes).
    Removing stm32l1xx_hal_tim.o(i.HAL_TIM_Encoder_DeInit), (60 bytes).
    Removing stm32l1xx_hal_tim.o(i.HAL_TIM_Encoder_GetState), (8 bytes).
    Removing stm32l1xx_hal_tim.o(i.HAL_TIM_Encoder_Init), (180 bytes).
    Removing stm32l1xx_hal_tim.o(i.HAL_TIM_Encoder_MspDeInit), (2 bytes).
    Removing stm32l1xx_hal_tim.o(i.HAL_TIM_Encoder_MspInit), (2 bytes).
    Removing stm32l1xx_hal_tim.o(i.HAL_TIM_Encoder_Start), (78 bytes).
    Removing stm32l1xx_hal_tim.o(i.HAL_TIM_Encoder_Start_DMA), (336 bytes).
    Removing stm32l1xx_hal_tim.o(i.HAL_TIM_Encoder_Start_IT), (126 bytes).
    Removing stm32l1xx_hal_tim.o(i.HAL_TIM_Encoder_Stop), (94 bytes).
    Removing stm32l1xx_hal_tim.o(i.HAL_TIM_Encoder_Stop_DMA), (142 bytes).
    Removing stm32l1xx_hal_tim.o(i.HAL_TIM_Encoder_Stop_IT), (142 bytes).
    Removing stm32l1xx_hal_tim.o(i.HAL_TIM_ErrorCallback), (2 bytes).
    Removing stm32l1xx_hal_tim.o(i.HAL_TIM_GenerateEvent), (54 bytes).
    Removing stm32l1xx_hal_tim.o(i.HAL_TIM_IC_CaptureCallback), (2 bytes).
    Removing stm32l1xx_hal_tim.o(i.HAL_TIM_IC_ConfigChannel), (224 bytes).
    Removing stm32l1xx_hal_tim.o(i.HAL_TIM_IC_DeInit), (60 bytes).
    Removing stm32l1xx_hal_tim.o(i.HAL_TIM_IC_GetState), (8 bytes).
    Removing stm32l1xx_hal_tim.o(i.HAL_TIM_IC_Init), (52 bytes).
    Removing stm32l1xx_hal_tim.o(i.HAL_TIM_IC_MspDeInit), (2 bytes).
    Removing stm32l1xx_hal_tim.o(i.HAL_TIM_IC_MspInit), (2 bytes).
    Removing stm32l1xx_hal_tim.o(i.HAL_TIM_IC_Start), (32 bytes).
    Removing stm32l1xx_hal_tim.o(i.HAL_TIM_IC_Start_DMA), (276 bytes).
    Removing stm32l1xx_hal_tim.o(i.HAL_TIM_IC_Start_IT), (108 bytes).
    Removing stm32l1xx_hal_tim.o(i.HAL_TIM_IC_Stop), (48 bytes).
    Removing stm32l1xx_hal_tim.o(i.HAL_TIM_IC_Stop_DMA), (130 bytes).
    Removing stm32l1xx_hal_tim.o(i.HAL_TIM_IC_Stop_IT), (124 bytes).
    Removing stm32l1xx_hal_tim.o(i.HAL_TIM_IRQHandler), (338 bytes).
    Removing stm32l1xx_hal_tim.o(i.HAL_TIM_OC_ConfigChannel), (116 bytes).
    Removing stm32l1xx_hal_tim.o(i.HAL_TIM_OC_DeInit), (60 bytes).
    Removing stm32l1xx_hal_tim.o(i.HAL_TIM_OC_DelayElapsedCallback), (2 bytes).
    Removing stm32l1xx_hal_tim.o(i.HAL_TIM_OC_GetState), (8 bytes).
    Removing stm32l1xx_hal_tim.o(i.HAL_TIM_OC_Init), (52 bytes).
    Removing stm32l1xx_hal_tim.o(i.HAL_TIM_OC_MspDeInit), (2 bytes).
    Removing stm32l1xx_hal_tim.o(i.HAL_TIM_OC_MspInit), (2 bytes).
    Removing stm32l1xx_hal_tim.o(i.HAL_TIM_OC_Start), (32 bytes).
    Removing stm32l1xx_hal_tim.o(i.HAL_TIM_OC_Start_DMA), (276 bytes).
    Removing stm32l1xx_hal_tim.o(i.HAL_TIM_OC_Start_IT), (108 bytes).
    Removing stm32l1xx_hal_tim.o(i.HAL_TIM_OC_Stop), (48 bytes).
    Removing stm32l1xx_hal_tim.o(i.HAL_TIM_OC_Stop_DMA), (130 bytes).
    Removing stm32l1xx_hal_tim.o(i.HAL_TIM_OC_Stop_IT), (124 bytes).
    Removing stm32l1xx_hal_tim.o(i.HAL_TIM_OnePulse_ConfigChannel), (278 bytes).
    Removing stm32l1xx_hal_tim.o(i.HAL_TIM_OnePulse_DeInit), (60 bytes).
    Removing stm32l1xx_hal_tim.o(i.HAL_TIM_OnePulse_GetState), (8 bytes).
    Removing stm32l1xx_hal_tim.o(i.HAL_TIM_OnePulse_Init), (76 bytes).
    Removing stm32l1xx_hal_tim.o(i.HAL_TIM_OnePulse_MspDeInit), (2 bytes).
    Removing stm32l1xx_hal_tim.o(i.HAL_TIM_OnePulse_MspInit), (2 bytes).
    Removing stm32l1xx_hal_tim.o(i.HAL_TIM_OnePulse_Start), (30 bytes).
    Removing stm32l1xx_hal_tim.o(i.HAL_TIM_OnePulse_Start_IT), (54 bytes).
    Removing stm32l1xx_hal_tim.o(i.HAL_TIM_OnePulse_Stop), (58 bytes).
    Removing stm32l1xx_hal_tim.o(i.HAL_TIM_OnePulse_Stop_IT), (82 bytes).
    Removing stm32l1xx_hal_tim.o(i.HAL_TIM_PWM_ConfigChannel), (264 bytes).
    Removing stm32l1xx_hal_tim.o(i.HAL_TIM_PWM_DeInit), (60 bytes).
    Removing stm32l1xx_hal_tim.o(i.HAL_TIM_PWM_GetState), (8 bytes).
    Removing stm32l1xx_hal_tim.o(i.HAL_TIM_PWM_Init), (52 bytes).
    Removing stm32l1xx_hal_tim.o(i.HAL_TIM_PWM_MspDeInit), (2 bytes).
    Removing stm32l1xx_hal_tim.o(i.HAL_TIM_PWM_MspInit), (2 bytes).
    Removing stm32l1xx_hal_tim.o(i.HAL_TIM_PWM_PulseFinishedCallback), (2 bytes).
    Removing stm32l1xx_hal_tim.o(i.HAL_TIM_PWM_Start), (32 bytes).
    Removing stm32l1xx_hal_tim.o(i.HAL_TIM_PWM_Start_DMA), (276 bytes).
    Removing stm32l1xx_hal_tim.o(i.HAL_TIM_PWM_Start_IT), (108 bytes).
    Removing stm32l1xx_hal_tim.o(i.HAL_TIM_PWM_Stop), (54 bytes).
    Removing stm32l1xx_hal_tim.o(i.HAL_TIM_PWM_Stop_DMA), (130 bytes).
    Removing stm32l1xx_hal_tim.o(i.HAL_TIM_PWM_Stop_IT), (124 bytes).
    Removing stm32l1xx_hal_tim.o(i.HAL_TIM_PeriodElapsedCallback), (2 bytes).
    Removing stm32l1xx_hal_tim.o(i.HAL_TIM_ReadCapturedValue), (84 bytes).
    Removing stm32l1xx_hal_tim.o(i.HAL_TIM_SlaveConfigSynchronization), (86 bytes).
    Removing stm32l1xx_hal_tim.o(i.HAL_TIM_SlaveConfigSynchronization_IT), (86 bytes).
    Removing stm32l1xx_hal_tim.o(i.HAL_TIM_TriggerCallback), (2 bytes).
    Removing stm32l1xx_hal_tim.o(i.TIM_CCxChannelCmd), (28 bytes).
    Removing stm32l1xx_hal_tim.o(i.TIM_DMACaptureCplt), (70 bytes).
    Removing stm32l1xx_hal_tim.o(i.TIM_DMADelayPulseCplt), (70 bytes).
    Removing stm32l1xx_hal_tim.o(i.TIM_DMAError), (20 bytes).
    Removing stm32l1xx_hal_tim.o(i.TIM_DMAPeriodElapsedCplt), (20 bytes).
    Removing stm32l1xx_hal_tim.o(i.TIM_DMATriggerCplt), (20 bytes).
    Removing stm32l1xx_hal_tim.o(i.TIM_OC1_SetConfig), (54 bytes).
    Removing stm32l1xx_hal_tim.o(i.TIM_OC2_SetConfig), (58 bytes).
    Removing stm32l1xx_hal_tim.o(i.TIM_OC3_SetConfig), (56 bytes).
    Removing stm32l1xx_hal_tim.o(i.TIM_OC4_SetConfig), (58 bytes).
    Removing stm32l1xx_hal_tim.o(i.TIM_SlaveTimer_SetConfig), (164 bytes).
    Removing stm32l1xx_hal_tim.o(i.TIM_TI1_SetConfig), (108 bytes).
    Removing stm32l1xx_hal_tim.o(i.TIM_TI2_SetConfig), (62 bytes).
    Removing stm32l1xx_hal_tim.o(i.TIM_TI3_SetConfig), (60 bytes).
    Removing stm32l1xx_hal_tim.o(i.TIM_TI4_SetConfig), (64 bytes).
    Removing stm32l1xx_hal_tim_ex.o(.rev16_text), (4 bytes).
    Removing stm32l1xx_hal_tim_ex.o(.revsh_text), (4 bytes).
    Removing stm32l1xx_hal_tim_ex.o(.rrx_text), (6 bytes).
    Removing stm32l1xx_hal_tim_ex.o(i.HAL_TIMEx_RemapConfig), (48 bytes).
    Removing stm32l1xx_hal_uart.o(.rev16_text), (4 bytes).
    Removing stm32l1xx_hal_uart.o(.revsh_text), (4 bytes).
    Removing stm32l1xx_hal_uart.o(.rrx_text), (6 bytes).
    Removing stm32l1xx_hal_uart.o(i.HAL_HalfDuplex_EnableReceiver), (64 bytes).
    Removing stm32l1xx_hal_uart.o(i.HAL_HalfDuplex_EnableTransmitter), (66 bytes).
    Removing stm32l1xx_hal_uart.o(i.HAL_HalfDuplex_Init), (114 bytes).
    Removing stm32l1xx_hal_uart.o(i.HAL_LIN_Init), (130 bytes).
    Removing stm32l1xx_hal_uart.o(i.HAL_LIN_SendBreak), (62 bytes).
    Removing stm32l1xx_hal_uart.o(i.HAL_MultiProcessor_EnterMuteMode), (62 bytes).
    Removing stm32l1xx_hal_uart.o(i.HAL_MultiProcessor_ExitMuteMode), (62 bytes).
    Removing stm32l1xx_hal_uart.o(i.HAL_MultiProcessor_Init), (134 bytes).
    Removing stm32l1xx_hal_uart.o(i.HAL_UART_DMAPause), (118 bytes).
    Removing stm32l1xx_hal_uart.o(i.HAL_UART_DMAResume), (156 bytes).
    Removing stm32l1xx_hal_uart.o(i.HAL_UART_DMAStop), (46 bytes).
    Removing stm32l1xx_hal_uart.o(i.HAL_UART_DeInit), (68 bytes).
    Removing stm32l1xx_hal_uart.o(i.HAL_UART_ErrorCallback), (2 bytes).
    Removing stm32l1xx_hal_uart.o(i.HAL_UART_GetError), (6 bytes).
    Removing stm32l1xx_hal_uart.o(i.HAL_UART_GetState), (8 bytes).
    Removing stm32l1xx_hal_uart.o(i.HAL_UART_IRQHandler), (218 bytes).
    Removing stm32l1xx_hal_uart.o(i.HAL_UART_MspDeInit), (2 bytes).
    Removing stm32l1xx_hal_uart.o(i.HAL_UART_MspInit), (2 bytes).
    Removing stm32l1xx_hal_uart.o(i.HAL_UART_Receive), (248 bytes).
    Removing stm32l1xx_hal_uart.o(i.HAL_UART_Receive_DMA), (160 bytes).
    Removing stm32l1xx_hal_uart.o(i.HAL_UART_RxCpltCallback), (2 bytes).
    Removing stm32l1xx_hal_uart.o(i.HAL_UART_RxHalfCpltCallback), (2 bytes).
    Removing stm32l1xx_hal_uart.o(i.HAL_UART_Transmit), (240 bytes).
    Removing stm32l1xx_hal_uart.o(i.HAL_UART_Transmit_DMA), (168 bytes).
    Removing stm32l1xx_hal_uart.o(i.HAL_UART_Transmit_IT), (110 bytes).
    Removing stm32l1xx_hal_uart.o(i.HAL_UART_TxCpltCallback), (2 bytes).
    Removing stm32l1xx_hal_uart.o(i.HAL_UART_TxHalfCpltCallback), (2 bytes).
    Removing stm32l1xx_hal_uart.o(i.UART_DMAError), (34 bytes).
    Removing stm32l1xx_hal_uart.o(i.UART_DMAReceiveCplt), (62 bytes).
    Removing stm32l1xx_hal_uart.o(i.UART_DMARxHalfCplt), (14 bytes).
    Removing stm32l1xx_hal_uart.o(i.UART_DMATransmitCplt), (54 bytes).
    Removing stm32l1xx_hal_uart.o(i.UART_DMATxHalfCplt), (14 bytes).
    Removing stm32l1xx_hal_uart.o(i.UART_EndTransmit_IT), (48 bytes).
    Removing stm32l1xx_hal_uart.o(i.UART_Receive_IT), (188 bytes).
    Removing stm32l1xx_hal_uart.o(i.UART_Transmit_IT), (112 bytes).
    Removing stm32l1xx_hal_uart.o(i.UART_WaitOnFlagUntilTimeout), (250 bytes).
    Removing stm32l1xx_hal.o(.rev16_text), (4 bytes).
    Removing stm32l1xx_hal.o(.revsh_text), (4 bytes).
    Removing stm32l1xx_hal.o(.rrx_text), (6 bytes).
    Removing stm32l1xx_hal.o(i.HAL_DBGMCU_DisableDBGSleepMode), (20 bytes).
    Removing stm32l1xx_hal.o(i.HAL_DBGMCU_DisableDBGStandbyMode), (20 bytes).
    Removing stm32l1xx_hal.o(i.HAL_DBGMCU_DisableDBGStopMode), (20 bytes).
    Removing stm32l1xx_hal.o(i.HAL_DBGMCU_EnableDBGSleepMode), (20 bytes).
    Removing stm32l1xx_hal.o(i.HAL_DBGMCU_EnableDBGStandbyMode), (20 bytes).
    Removing stm32l1xx_hal.o(i.HAL_DBGMCU_EnableDBGStopMode), (20 bytes).
    Removing stm32l1xx_hal.o(i.HAL_DeInit), (48 bytes).
    Removing stm32l1xx_hal.o(i.HAL_GetDEVID), (16 bytes).
    Removing stm32l1xx_hal.o(i.HAL_GetHalVersion), (8 bytes).
    Removing stm32l1xx_hal.o(i.HAL_GetREVID), (12 bytes).
    Removing stm32l1xx_hal.o(i.HAL_MspDeInit), (2 bytes).
    Removing stm32l1xx_hal.o(i.HAL_MspInit), (2 bytes).
    Removing stm32l1xx_hal.o(i.HAL_ResumeTick), (18 bytes).
    Removing stm32l1xx_hal.o(i.HAL_SuspendTick), (18 bytes).
    Removing stm32l1xx_hal_rcc.o(.rev16_text), (4 bytes).
    Removing stm32l1xx_hal_rcc.o(.revsh_text), (4 bytes).
    Removing stm32l1xx_hal_rcc.o(.rrx_text), (6 bytes).
    Removing stm32l1xx_hal_rcc.o(i.HAL_RCC_CSSCallback), (2 bytes).
    Removing stm32l1xx_hal_rcc.o(i.HAL_RCC_DeInit), (152 bytes).
    Removing stm32l1xx_hal_rcc.o(i.HAL_RCC_DisableCSS), (28 bytes).
    Removing stm32l1xx_hal_rcc.o(i.HAL_RCC_EnableCSS), (24 bytes).
    Removing stm32l1xx_hal_rcc.o(i.HAL_RCC_GetClockConfig), (68 bytes).
    Removing stm32l1xx_hal_rcc.o(i.HAL_RCC_GetOscConfig), (292 bytes).
    Removing stm32l1xx_hal_rcc.o(i.HAL_RCC_MCOConfig), (100 bytes).
    Removing stm32l1xx_hal_rcc.o(i.HAL_RCC_NMI_IRQHandler), (32 bytes).
    Removing stm32l1xx_hal_rcc_ex.o(.rev16_text), (4 bytes).
    Removing stm32l1xx_hal_rcc_ex.o(.revsh_text), (4 bytes).
    Removing stm32l1xx_hal_rcc_ex.o(.rrx_text), (6 bytes).
    Removing stm32l1xx_hal_rcc_ex.o(i.HAL_RCCEx_GetPeriphCLKConfig), (56 bytes).
    Removing stm32l1xx_hal_rcc_ex.o(i.HAL_RCCEx_GetPeriphCLKFreq), (164 bytes).
    Removing stm32l1xx_hal_flash.o(.rev16_text), (4 bytes).
    Removing stm32l1xx_hal_flash.o(.revsh_text), (4 bytes).
    Removing stm32l1xx_hal_flash.o(.rrx_text), (6 bytes).
    Removing stm32l1xx_hal_flash.o(i.FLASH_SetErrorCode), (108 bytes).
    Removing stm32l1xx_hal_flash.o(i.FLASH_WaitForLastOperation), (120 bytes).
    Removing stm32l1xx_hal_flash.o(i.HAL_FLASH_EndOfOperationCallback), (2 bytes).
    Removing stm32l1xx_hal_flash.o(i.HAL_FLASH_GetError), (12 bytes).
    Removing stm32l1xx_hal_flash.o(i.HAL_FLASH_IRQHandler), (308 bytes).
    Removing stm32l1xx_hal_flash.o(i.HAL_FLASH_Lock), (20 bytes).
    Removing stm32l1xx_hal_flash.o(i.HAL_FLASH_OB_Launch), (28 bytes).
    Removing stm32l1xx_hal_flash.o(i.HAL_FLASH_OB_Lock), (20 bytes).
    Removing stm32l1xx_hal_flash.o(i.HAL_FLASH_OB_Unlock), (76 bytes).
    Removing stm32l1xx_hal_flash.o(i.HAL_FLASH_OperationErrorCallback), (2 bytes).
    Removing stm32l1xx_hal_flash.o(i.HAL_FLASH_Program), (84 bytes).
    Removing stm32l1xx_hal_flash.o(i.HAL_FLASH_Program_IT), (72 bytes).
    Removing stm32l1xx_hal_flash.o(i.HAL_FLASH_Unlock), (76 bytes).
    Removing stm32l1xx_hal_flash.o(.bss), (24 bytes).
    Removing stm32l1xx_hal_flash_ex.o(.rev16_text), (4 bytes).
    Removing stm32l1xx_hal_flash_ex.o(.revsh_text), (4 bytes).
    Removing stm32l1xx_hal_flash_ex.o(.rrx_text), (6 bytes).
    Removing stm32l1xx_hal_flash_ex.o(i.FLASH_DATAEEPROM_FastProgramByte), (152 bytes).
    Removing stm32l1xx_hal_flash_ex.o(i.FLASH_DATAEEPROM_FastProgramHalfWord), (184 bytes).
    Removing stm32l1xx_hal_flash_ex.o(i.FLASH_DATAEEPROM_FastProgramWord), (52 bytes).
    Removing stm32l1xx_hal_flash_ex.o(i.FLASH_DATAEEPROM_ProgramByte), (132 bytes).
    Removing stm32l1xx_hal_flash_ex.o(i.FLASH_DATAEEPROM_ProgramHalfWord), (168 bytes).
    Removing stm32l1xx_hal_flash_ex.o(i.FLASH_DATAEEPROM_ProgramWord), (36 bytes).
    Removing stm32l1xx_hal_flash_ex.o(i.FLASH_OB_BORConfig), (84 bytes).
    Removing stm32l1xx_hal_flash_ex.o(i.FLASH_OB_GetBOR), (16 bytes).
    Removing stm32l1xx_hal_flash_ex.o(i.FLASH_OB_GetRDP), (12 bytes).
    Removing stm32l1xx_hal_flash_ex.o(i.FLASH_OB_GetUser), (16 bytes).
    Removing stm32l1xx_hal_flash_ex.o(i.FLASH_OB_RDPConfig), (96 bytes).
    Removing stm32l1xx_hal_flash_ex.o(i.FLASH_OB_UserConfig), (108 bytes).
    Removing stm32l1xx_hal_flash_ex.o(i.FLASH_OB_WRPConfig), (56 bytes).
    Removing stm32l1xx_hal_flash_ex.o(i.FLASH_OB_WRPConfigWRP1OrPCROP1), (100 bytes).
    Removing stm32l1xx_hal_flash_ex.o(i.FLASH_PageErase), (48 bytes).
    Removing stm32l1xx_hal_flash_ex.o(i.HAL_FLASHEx_DATAEEPROM_DisableFixedTimeProgram), (20 bytes).
    Removing stm32l1xx_hal_flash_ex.o(i.HAL_FLASHEx_DATAEEPROM_EnableFixedTimeProgram), (20 bytes).
    Removing stm32l1xx_hal_flash_ex.o(i.HAL_FLASHEx_DATAEEPROM_Erase), (64 bytes).
    Removing stm32l1xx_hal_flash_ex.o(i.HAL_FLASHEx_DATAEEPROM_Lock), (20 bytes).
    Removing stm32l1xx_hal_flash_ex.o(i.HAL_FLASHEx_DATAEEPROM_Program), (168 bytes).
    Removing stm32l1xx_hal_flash_ex.o(i.HAL_FLASHEx_DATAEEPROM_Unlock), (44 bytes).
    Removing stm32l1xx_hal_flash_ex.o(i.HAL_FLASHEx_Erase), (144 bytes).
    Removing stm32l1xx_hal_flash_ex.o(i.HAL_FLASHEx_Erase_IT), (108 bytes).
    Removing stm32l1xx_hal_flash_ex.o(i.HAL_FLASHEx_OBGetConfig), (40 bytes).
    Removing stm32l1xx_hal_flash_ex.o(i.HAL_FLASHEx_OBProgram), (212 bytes).
    Removing stm32l1xx_hal_flash_ramfunc.o(.rev16_text), (4 bytes).
    Removing stm32l1xx_hal_flash_ramfunc.o(.revsh_text), (4 bytes).
    Removing stm32l1xx_hal_flash_ramfunc.o(.rrx_text), (6 bytes).
    Removing stm32l1xx_hal_flash_ramfunc.o(i.FLASHRAM_SetErrorCode), (108 bytes).
    Removing stm32l1xx_hal_flash_ramfunc.o(i.FLASHRAM_WaitForLastOperation), (104 bytes).
    Removing stm32l1xx_hal_flash_ramfunc.o(i.HAL_FLASHEx_DATAEEPROM_EraseDoubleWord), (120 bytes).
    Removing stm32l1xx_hal_flash_ramfunc.o(i.HAL_FLASHEx_DATAEEPROM_ProgramDoubleWord), (128 bytes).
    Removing stm32l1xx_hal_flash_ramfunc.o(i.HAL_FLASHEx_DisableRunPowerDown), (48 bytes).
    Removing stm32l1xx_hal_flash_ramfunc.o(i.HAL_FLASHEx_EnableRunPowerDown), (48 bytes).
    Removing stm32l1xx_hal_flash_ramfunc.o(i.HAL_FLASHEx_GetError), (16 bytes).
    Removing stm32l1xx_hal_flash_ramfunc.o(i.HAL_FLASHEx_HalfPageProgram), (140 bytes).
    Removing stm32l1xx_hal_gpio.o(.rev16_text), (4 bytes).
    Removing stm32l1xx_hal_gpio.o(.revsh_text), (4 bytes).
    Removing stm32l1xx_hal_gpio.o(.rrx_text), (6 bytes).
    Removing stm32l1xx_hal_gpio.o(i.HAL_GPIO_DeInit), (288 bytes).
    Removing stm32l1xx_hal_gpio.o(i.HAL_GPIO_EXTI_Callback), (2 bytes).
    Removing stm32l1xx_hal_gpio.o(i.HAL_GPIO_EXTI_IRQHandler), (28 bytes).
    Removing stm32l1xx_hal_gpio.o(i.HAL_GPIO_LockPin), (46 bytes).
    Removing stm32l1xx_hal_gpio.o(i.HAL_GPIO_ReadPin), (16 bytes).
    Removing stm32l1xx_hal_gpio.o(i.HAL_GPIO_TogglePin), (8 bytes).
    Removing stm32l1xx_hal_gpio.o(i.HAL_GPIO_WritePin), (12 bytes).
    Removing stm32l1xx_hal_dma.o(.rev16_text), (4 bytes).
    Removing stm32l1xx_hal_dma.o(.revsh_text), (4 bytes).
    Removing stm32l1xx_hal_dma.o(.rrx_text), (6 bytes).
    Removing stm32l1xx_hal_dma.o(i.DMA_SetConfig), (44 bytes).
    Removing stm32l1xx_hal_dma.o(i.HAL_DMA_Abort), (58 bytes).
    Removing stm32l1xx_hal_dma.o(i.HAL_DMA_Abort_IT), (88 bytes).
    Removing stm32l1xx_hal_dma.o(i.HAL_DMA_DeInit), (96 bytes).
    Removing stm32l1xx_hal_dma.o(i.HAL_DMA_GetError), (6 bytes).
    Removing stm32l1xx_hal_dma.o(i.HAL_DMA_GetState), (8 bytes).
    Removing stm32l1xx_hal_dma.o(i.HAL_DMA_IRQHandler), (230 bytes).
    Removing stm32l1xx_hal_dma.o(i.HAL_DMA_Init), (112 bytes).
    Removing stm32l1xx_hal_dma.o(i.HAL_DMA_PollForTransfer), (244 bytes).
    Removing stm32l1xx_hal_dma.o(i.HAL_DMA_RegisterCallback), (90 bytes).
    Removing stm32l1xx_hal_dma.o(i.HAL_DMA_Start), (114 bytes).
    Removing stm32l1xx_hal_dma.o(i.HAL_DMA_Start_IT), (156 bytes).
    Removing stm32l1xx_hal_dma.o(i.HAL_DMA_UnRegisterCallback), (106 bytes).
    Removing stm32l1xx_hal_pwr.o(.rev16_text), (4 bytes).
    Removing stm32l1xx_hal_pwr.o(.revsh_text), (4 bytes).
    Removing stm32l1xx_hal_pwr.o(.rrx_text), (6 bytes).
    Removing stm32l1xx_hal_pwr.o(i.HAL_PWR_ConfigPVD), (184 bytes).
    Removing stm32l1xx_hal_pwr.o(i.HAL_PWR_DeInit), (28 bytes).
    Removing stm32l1xx_hal_pwr.o(i.HAL_PWR_DisableBkUpAccess), (28 bytes).
    Removing stm32l1xx_hal_pwr.o(i.HAL_PWR_DisablePVD), (24 bytes).
    Removing stm32l1xx_hal_pwr.o(i.HAL_PWR_DisableSEVOnPend), (20 bytes).
    Removing stm32l1xx_hal_pwr.o(i.HAL_PWR_DisableSleepOnExit), (20 bytes).
    Removing stm32l1xx_hal_pwr.o(i.HAL_PWR_DisableWakeUpPin), (28 bytes).
    Removing stm32l1xx_hal_pwr.o(i.HAL_PWR_EnableBkUpAccess), (24 bytes).
    Removing stm32l1xx_hal_pwr.o(i.HAL_PWR_EnablePVD), (24 bytes).
    Removing stm32l1xx_hal_pwr.o(i.HAL_PWR_EnableSEVOnPend), (20 bytes).
    Removing stm32l1xx_hal_pwr.o(i.HAL_PWR_EnableSleepOnExit), (20 bytes).
    Removing stm32l1xx_hal_pwr.o(i.HAL_PWR_EnableWakeUpPin), (28 bytes).
    Removing stm32l1xx_hal_pwr.o(i.HAL_PWR_EnterSLEEPMode), (52 bytes).
    Removing stm32l1xx_hal_pwr.o(i.HAL_PWR_EnterSTANDBYMode), (40 bytes).
    Removing stm32l1xx_hal_pwr.o(i.HAL_PWR_EnterSTOPMode), (64 bytes).
    Removing stm32l1xx_hal_pwr.o(i.HAL_PWR_PVDCallback), (2 bytes).
    Removing stm32l1xx_hal_pwr.o(i.HAL_PWR_PVD_IRQHandler), (32 bytes).
    Removing stm32l1xx_hal_pwr_ex.o(.rev16_text), (4 bytes).
    Removing stm32l1xx_hal_pwr_ex.o(.revsh_text), (4 bytes).
    Removing stm32l1xx_hal_pwr_ex.o(.rrx_text), (6 bytes).
    Removing stm32l1xx_hal_pwr_ex.o(i.HAL_PWREx_DisableFastWakeUp), (28 bytes).
    Removing stm32l1xx_hal_pwr_ex.o(i.HAL_PWREx_DisableLowPowerRunMode), (40 bytes).
    Removing stm32l1xx_hal_pwr_ex.o(i.HAL_PWREx_DisableUltraLowPower), (28 bytes).
    Removing stm32l1xx_hal_pwr_ex.o(i.HAL_PWREx_EnableFastWakeUp), (24 bytes).
    Removing stm32l1xx_hal_pwr_ex.o(i.HAL_PWREx_EnableLowPowerRunMode), (36 bytes).
    Removing stm32l1xx_hal_pwr_ex.o(i.HAL_PWREx_EnableUltraLowPower), (24 bytes).
    Removing stm32l1xx_hal_pwr_ex.o(i.HAL_PWREx_GetVoltageRange), (16 bytes).
    Removing stm32l1xx_hal_cortex.o(.rev16_text), (4 bytes).
    Removing stm32l1xx_hal_cortex.o(.revsh_text), (4 bytes).
    Removing stm32l1xx_hal_cortex.o(.rrx_text), (6 bytes).
    Removing stm32l1xx_hal_cortex.o(i.HAL_MPU_ConfigRegion), (92 bytes).
    Removing stm32l1xx_hal_cortex.o(i.HAL_MPU_Disable), (28 bytes).
    Removing stm32l1xx_hal_cortex.o(i.HAL_MPU_Enable), (48 bytes).
    Removing stm32l1xx_hal_cortex.o(i.HAL_NVIC_ClearPendingIRQ), (28 bytes).
    Removing stm32l1xx_hal_cortex.o(i.HAL_NVIC_DisableIRQ), (28 bytes).
    Removing stm32l1xx_hal_cortex.o(i.HAL_NVIC_GetActive), (40 bytes).
    Removing stm32l1xx_hal_cortex.o(i.HAL_NVIC_GetPendingIRQ), (40 bytes).
    Removing stm32l1xx_hal_cortex.o(i.HAL_NVIC_GetPriority), (148 bytes).
    Removing stm32l1xx_hal_cortex.o(i.HAL_NVIC_GetPriorityGrouping), (8 bytes).
    Removing stm32l1xx_hal_cortex.o(i.HAL_NVIC_SetPendingIRQ), (28 bytes).
    Removing stm32l1xx_hal_cortex.o(i.HAL_NVIC_SystemReset), (68 bytes).
    Removing stm32l1xx_hal_cortex.o(i.HAL_SYSTICK_CLKSourceConfig), (40 bytes).
    Removing stm32l1xx_hal_cortex.o(i.HAL_SYSTICK_Callback), (2 bytes).
    Removing stm32l1xx_hal_cortex.o(i.HAL_SYSTICK_IRQHandler), (8 bytes).
    Removing system_stm32l1xx.o(.rev16_text), (4 bytes).
    Removing system_stm32l1xx.o(.revsh_text), (4 bytes).
    Removing system_stm32l1xx.o(.rrx_text), (6 bytes).
    Removing system_stm32l1xx.o(i.SystemCoreClockUpdate), (220 bytes).

440 unused section(s) (total 28235 bytes) removed from the image.

==============================================================================

Image Symbol Table

    Local Symbols

    Symbol Name                              Value     Ov Type        Size  Object(Section)

    ../Drivers/STM32L1xx_HAL_Driver/Src/stm32l1xx_hal.c 0x00000000   Number         0  stm32l1xx_hal.o ABSOLUTE
    ../Drivers/STM32L1xx_HAL_Driver/Src/stm32l1xx_hal_adc.c 0x00000000   Number         0  stm32l1xx_hal_adc.o ABSOLUTE
    ../Drivers/STM32L1xx_HAL_Driver/Src/stm32l1xx_hal_adc_ex.c 0x00000000   Number         0  stm32l1xx_hal_adc_ex.o ABSOLUTE
    ../Drivers/STM32L1xx_HAL_Driver/Src/stm32l1xx_hal_cortex.c 0x00000000   Number         0  stm32l1xx_hal_cortex.o ABSOLUTE
    ../Drivers/STM32L1xx_HAL_Driver/Src/stm32l1xx_hal_dac.c 0x00000000   Number         0  stm32l1xx_hal_dac.o ABSOLUTE
    ../Drivers/STM32L1xx_HAL_Driver/Src/stm32l1xx_hal_dac_ex.c 0x00000000   Number         0  stm32l1xx_hal_dac_ex.o ABSOLUTE
    ../Drivers/STM32L1xx_HAL_Driver/Src/stm32l1xx_hal_dma.c 0x00000000   Number         0  stm32l1xx_hal_dma.o ABSOLUTE
    ../Drivers/STM32L1xx_HAL_Driver/Src/stm32l1xx_hal_flash.c 0x00000000   Number         0  stm32l1xx_hal_flash.o ABSOLUTE
    ../Drivers/STM32L1xx_HAL_Driver/Src/stm32l1xx_hal_flash_ex.c 0x00000000   Number         0  stm32l1xx_hal_flash_ex.o ABSOLUTE
    ../Drivers/STM32L1xx_HAL_Driver/Src/stm32l1xx_hal_flash_ramfunc.c 0x00000000   Number         0  stm32l1xx_hal_flash_ramfunc.o ABSOLUTE
    ../Drivers/STM32L1xx_HAL_Driver/Src/stm32l1xx_hal_gpio.c 0x00000000   Number         0  stm32l1xx_hal_gpio.o ABSOLUTE
    ../Drivers/STM32L1xx_HAL_Driver/Src/stm32l1xx_hal_lcd.c 0x00000000   Number         0  stm32l1xx_hal_lcd.o ABSOLUTE
    ../Drivers/STM32L1xx_HAL_Driver/Src/stm32l1xx_hal_pwr.c 0x00000000   Number         0  stm32l1xx_hal_pwr.o ABSOLUTE
    ../Drivers/STM32L1xx_HAL_Driver/Src/stm32l1xx_hal_pwr_ex.c 0x00000000   Number         0  stm32l1xx_hal_pwr_ex.o ABSOLUTE
    ../Drivers/STM32L1xx_HAL_Driver/Src/stm32l1xx_hal_rcc.c 0x00000000   Number         0  stm32l1xx_hal_rcc.o ABSOLUTE
    ../Drivers/STM32L1xx_HAL_Driver/Src/stm32l1xx_hal_rcc_ex.c 0x00000000   Number         0  stm32l1xx_hal_rcc_ex.o ABSOLUTE
    ../Drivers/STM32L1xx_HAL_Driver/Src/stm32l1xx_hal_tim.c 0x00000000   Number         0  stm32l1xx_hal_tim.o ABSOLUTE
    ../Drivers/STM32L1xx_HAL_Driver/Src/stm32l1xx_hal_tim_ex.c 0x00000000   Number         0  stm32l1xx_hal_tim_ex.o ABSOLUTE
    ../Drivers/STM32L1xx_HAL_Driver/Src/stm32l1xx_hal_uart.c 0x00000000   Number         0  stm32l1xx_hal_uart.o ABSOLUTE
    ../Src/main.c                            0x00000000   Number         0  main.o ABSOLUTE
    ../Src/stm32l1xx_hal_msp.c               0x00000000   Number         0  stm32l1xx_hal_msp.o ABSOLUTE
    ../Src/stm32l1xx_it.c                    0x00000000   Number         0  stm32l1xx_it.o ABSOLUTE
    ../Src/system_stm32l1xx.c                0x00000000   Number         0  system_stm32l1xx.o ABSOLUTE
    ../clib/microlib/init/entry.s            0x00000000   Number         0  entry8b.o ABSOLUTE
    ../clib/microlib/init/entry.s            0x00000000   Number         0  entry8a.o ABSOLUTE
    ../clib/microlib/init/entry.s            0x00000000   Number         0  entry7b.o ABSOLUTE
    ../clib/microlib/init/entry.s            0x00000000   Number         0  entry5.o ABSOLUTE
    ../clib/microlib/init/entry.s            0x00000000   Number         0  entry2.o ABSOLUTE
    ../clib/microlib/init/entry.s            0x00000000   Number         0  entry.o ABSOLUTE
    ../clib/microlib/init/entry.s            0x00000000   Number         0  entry11b.o ABSOLUTE
    ../clib/microlib/init/entry.s            0x00000000   Number         0  entry11a.o ABSOLUTE
    ../clib/microlib/init/entry.s            0x00000000   Number         0  entry10b.o ABSOLUTE
    ../clib/microlib/init/entry.s            0x00000000   Number         0  entry7a.o ABSOLUTE
    ../clib/microlib/init/entry.s            0x00000000   Number         0  entry9b.o ABSOLUTE
    ../clib/microlib/init/entry.s            0x00000000   Number         0  entry9a.o ABSOLUTE
    ../clib/microlib/init/entry.s            0x00000000   Number         0  entry10a.o ABSOLUTE
    ../clib/microlib/longlong.c              0x00000000   Number         0  llsshr.o ABSOLUTE
    ../clib/microlib/longlong.c              0x00000000   Number         0  llshl.o ABSOLUTE
    ../clib/microlib/longlong.c              0x00000000   Number         0  llushr.o ABSOLUTE
    ../clib/microlib/string/memcpy.c         0x00000000   Number         0  memcpya.o ABSOLUTE
    ../clib/microlib/string/memcpy.c         0x00000000   Number         0  memcpyb.o ABSOLUTE
    ../clib/microlib/string/memset.c         0x00000000   Number         0  memseta.o ABSOLUTE
    ../clib/microlib/stubs.s                 0x00000000   Number         0  iusefp.o ABSOLUTE
    ../fplib/microlib/fpadd.c                0x00000000   Number         0  dadd.o ABSOLUTE
    ../fplib/microlib/fpepilogue.c           0x00000000   Number         0  depilogue.o ABSOLUTE
    ..\..\..\..\STM32L512C-Discovery\stm32l152c_discovery.c 0x00000000   Number         0  stm32l152c_discovery.o ABSOLUTE
    ..\..\..\..\STM32L512C-Discovery\stm32l152c_discovery_glass_lcd.c 0x00000000   Number         0  stm32l152c_discovery_glass_lcd.o ABSOLUTE
    ..\..\Mi_Biblioteca.c                    0x00000000   Number         0  mi_biblioteca.o ABSOLUTE
    ..\Drivers\STM32L1xx_HAL_Driver\Src\stm32l1xx_hal.c 0x00000000   Number         0  stm32l1xx_hal.o ABSOLUTE
    ..\Drivers\STM32L1xx_HAL_Driver\Src\stm32l1xx_hal_adc.c 0x00000000   Number         0  stm32l1xx_hal_adc.o ABSOLUTE
    ..\Drivers\STM32L1xx_HAL_Driver\Src\stm32l1xx_hal_adc_ex.c 0x00000000   Number         0  stm32l1xx_hal_adc_ex.o ABSOLUTE
    ..\Drivers\STM32L1xx_HAL_Driver\Src\stm32l1xx_hal_cortex.c 0x00000000   Number         0  stm32l1xx_hal_cortex.o ABSOLUTE
    ..\Drivers\STM32L1xx_HAL_Driver\Src\stm32l1xx_hal_dac.c 0x00000000   Number         0  stm32l1xx_hal_dac.o ABSOLUTE
    ..\Drivers\STM32L1xx_HAL_Driver\Src\stm32l1xx_hal_dac_ex.c 0x00000000   Number         0  stm32l1xx_hal_dac_ex.o ABSOLUTE
    ..\Drivers\STM32L1xx_HAL_Driver\Src\stm32l1xx_hal_dma.c 0x00000000   Number         0  stm32l1xx_hal_dma.o ABSOLUTE
    ..\Drivers\STM32L1xx_HAL_Driver\Src\stm32l1xx_hal_flash.c 0x00000000   Number         0  stm32l1xx_hal_flash.o ABSOLUTE
    ..\Drivers\STM32L1xx_HAL_Driver\Src\stm32l1xx_hal_flash_ex.c 0x00000000   Number         0  stm32l1xx_hal_flash_ex.o ABSOLUTE
    ..\Drivers\STM32L1xx_HAL_Driver\Src\stm32l1xx_hal_flash_ramfunc.c 0x00000000   Number         0  stm32l1xx_hal_flash_ramfunc.o ABSOLUTE
    ..\Drivers\STM32L1xx_HAL_Driver\Src\stm32l1xx_hal_gpio.c 0x00000000   Number         0  stm32l1xx_hal_gpio.o ABSOLUTE
    ..\Drivers\STM32L1xx_HAL_Driver\Src\stm32l1xx_hal_lcd.c 0x00000000   Number         0  stm32l1xx_hal_lcd.o ABSOLUTE
    ..\Drivers\STM32L1xx_HAL_Driver\Src\stm32l1xx_hal_pwr.c 0x00000000   Number         0  stm32l1xx_hal_pwr.o ABSOLUTE
    ..\Drivers\STM32L1xx_HAL_Driver\Src\stm32l1xx_hal_pwr_ex.c 0x00000000   Number         0  stm32l1xx_hal_pwr_ex.o ABSOLUTE
    ..\Drivers\STM32L1xx_HAL_Driver\Src\stm32l1xx_hal_rcc.c 0x00000000   Number         0  stm32l1xx_hal_rcc.o ABSOLUTE
    ..\Drivers\STM32L1xx_HAL_Driver\Src\stm32l1xx_hal_rcc_ex.c 0x00000000   Number         0  stm32l1xx_hal_rcc_ex.o ABSOLUTE
    ..\Drivers\STM32L1xx_HAL_Driver\Src\stm32l1xx_hal_tim.c 0x00000000   Number         0  stm32l1xx_hal_tim.o ABSOLUTE
    ..\Drivers\STM32L1xx_HAL_Driver\Src\stm32l1xx_hal_tim_ex.c 0x00000000   Number         0  stm32l1xx_hal_tim_ex.o ABSOLUTE
    ..\Drivers\STM32L1xx_HAL_Driver\Src\stm32l1xx_hal_uart.c 0x00000000   Number         0  stm32l1xx_hal_uart.o ABSOLUTE
    ..\Src\main.c                            0x00000000   Number         0  main.o ABSOLUTE
    ..\Src\stm32l1xx_hal_msp.c               0x00000000   Number         0  stm32l1xx_hal_msp.o ABSOLUTE
    ..\Src\stm32l1xx_it.c                    0x00000000   Number         0  stm32l1xx_it.o ABSOLUTE
    ..\Src\system_stm32l1xx.c                0x00000000   Number         0  system_stm32l1xx.o ABSOLUTE
    ..\\..\\..\\..\\STM32L512C-Discovery\\stm32l152c_discovery.c 0x00000000   Number         0  stm32l152c_discovery.o ABSOLUTE
    ..\\..\\..\\..\\STM32L512C-Discovery\\stm32l152c_discovery_glass_lcd.c 0x00000000   Number         0  stm32l152c_discovery_glass_lcd.o ABSOLUTE
    ..\\..\\Mi_Biblioteca.c                  0x00000000   Number         0  mi_biblioteca.o ABSOLUTE
    cdcmple.s                                0x00000000   Number         0  cdcmple.o ABSOLUTE
    cdrcmple.s                               0x00000000   Number         0  cdrcmple.o ABSOLUTE
    dc.s                                     0x00000000   Number         0  dc.o ABSOLUTE
    handlers.s                               0x00000000   Number         0  handlers.o ABSOLUTE
    init.s                                   0x00000000   Number         0  init.o ABSOLUTE
    startup_stm32l152xb.s                    0x00000000   Number         0  startup_stm32l152xb.o ABSOLUTE
    RESET                                    0x08000000   Section      244  startup_stm32l152xb.o(RESET)
    .ARM.Collect$$$$00000000                 0x080000f4   Section        0  entry.o(.ARM.Collect$$$$00000000)
    .ARM.Collect$$$$00000001                 0x080000f4   Section        4  entry2.o(.ARM.Collect$$$$00000001)
    .ARM.Collect$$$$00000004                 0x080000f8   Section        4  entry5.o(.ARM.Collect$$$$00000004)
    .ARM.Collect$$$$00000008                 0x080000fc   Section        0  entry7b.o(.ARM.Collect$$$$00000008)
    .ARM.Collect$$$$0000000A                 0x080000fc   Section        0  entry8b.o(.ARM.Collect$$$$0000000A)
    .ARM.Collect$$$$0000000B                 0x080000fc   Section        8  entry9a.o(.ARM.Collect$$$$0000000B)
    .ARM.Collect$$$$0000000D                 0x08000104   Section        0  entry10a.o(.ARM.Collect$$$$0000000D)
    .ARM.Collect$$$$0000000F                 0x08000104   Section        0  entry11a.o(.ARM.Collect$$$$0000000F)
    .ARM.Collect$$$$00002712                 0x08000104   Section        4  entry2.o(.ARM.Collect$$$$00002712)
    __lit__00000000                          0x08000104   Data           4  entry2.o(.ARM.Collect$$$$00002712)
    .text                                    0x08000108   Section       36  startup_stm32l152xb.o(.text)
    .text                                    0x0800012c   Section        0  memcpya.o(.text)
    .text                                    0x08000150   Section        0  memseta.o(.text)
    .text                                    0x08000174   Section        0  dadd.o(.text)
    .text                                    0x080002c4   Section       48  cdcmple.o(.text)
    .text                                    0x080002f4   Section       48  cdrcmple.o(.text)
    .text                                    0x08000324   Section        0  llshl.o(.text)
    .text                                    0x08000342   Section        0  llsshr.o(.text)
    .text                                    0x08000366   Section        0  iusefp.o(.text)
    .text                                    0x08000366   Section        0  depilogue.o(.text)
    .text                                    0x08000420   Section       36  init.o(.text)
    .text                                    0x08000444   Section        0  llushr.o(.text)
    i.BSP_LCD_GLASS_BarLevelConfig           0x08000464   Section        0  stm32l152c_discovery_glass_lcd.o(i.BSP_LCD_GLASS_BarLevelConfig)
    i.BSP_LCD_GLASS_Clear                    0x08000548   Section        0  stm32l152c_discovery_glass_lcd.o(i.BSP_LCD_GLASS_Clear)
    i.BSP_LCD_GLASS_DisplayChar              0x08000558   Section        0  stm32l152c_discovery_glass_lcd.o(i.BSP_LCD_GLASS_DisplayChar)
    i.BSP_LCD_GLASS_DisplayString            0x08000b6c   Section        0  stm32l152c_discovery_glass_lcd.o(i.BSP_LCD_GLASS_DisplayString)
    i.BSP_LCD_GLASS_Init                     0x08000ba4   Section        0  stm32l152c_discovery_glass_lcd.o(i.BSP_LCD_GLASS_Init)
    i.BSP_LCD_GLASS_ScrollSentence           0x08000bf8   Section        0  stm32l152c_discovery_glass_lcd.o(i.BSP_LCD_GLASS_ScrollSentence)
    i.BSP_LCD_GLASS_WriteChar                0x08000cdc   Section        0  stm32l152c_discovery_glass_lcd.o(i.BSP_LCD_GLASS_WriteChar)
    i.BusFault_Handler                       0x08000d04   Section        0  stm32l1xx_it.o(i.BusFault_Handler)
    i.Convert                                0x08000d08   Section        0  stm32l152c_discovery_glass_lcd.o(i.Convert)
    Convert                                  0x08000d09   Thumb Code   286  stm32l152c_discovery_glass_lcd.o(i.Convert)
    i.DebugMon_Handler                       0x08000e34   Section        0  stm32l1xx_it.o(i.DebugMon_Handler)
    i.EXTI0_IRQHandler                       0x08000e38   Section        0  main.o(i.EXTI0_IRQHandler)
    i.Error_Handler                          0x08000e84   Section        0  main.o(i.Error_Handler)
    i.HAL_ADC_ConfigChannel                  0x08000e88   Section        0  stm32l1xx_hal_adc.o(i.HAL_ADC_ConfigChannel)
    i.HAL_ADC_Init                           0x08001060   Section        0  stm32l1xx_hal_adc.o(i.HAL_ADC_Init)
    i.HAL_ADC_MspInit                        0x0800122c   Section        0  stm32l1xx_hal_msp.o(i.HAL_ADC_MspInit)
    i.HAL_DAC_ConfigChannel                  0x080012a0   Section        0  stm32l1xx_hal_dac.o(i.HAL_DAC_ConfigChannel)
    i.HAL_DAC_Init                           0x080012f8   Section        0  stm32l1xx_hal_dac.o(i.HAL_DAC_Init)
    i.HAL_DAC_MspInit                        0x08001320   Section        0  stm32l1xx_hal_msp.o(i.HAL_DAC_MspInit)
    i.HAL_Delay                              0x08001398   Section        0  stm32l1xx_hal.o(i.HAL_Delay)
    i.HAL_GPIO_Init                          0x080013b4   Section        0  stm32l1xx_hal_gpio.o(i.HAL_GPIO_Init)
    i.HAL_GetTick                            0x08001584   Section        0  stm32l1xx_hal.o(i.HAL_GetTick)
    i.HAL_IncTick                            0x08001590   Section        0  stm32l1xx_hal.o(i.HAL_IncTick)
    i.HAL_Init                               0x080015a0   Section        0  stm32l1xx_hal.o(i.HAL_Init)
    i.HAL_InitTick                           0x080015b8   Section        0  stm32l1xx_hal.o(i.HAL_InitTick)
    i.HAL_LCD_Clear                          0x080015e0   Section        0  stm32l1xx_hal_lcd.o(i.HAL_LCD_Clear)
    i.HAL_LCD_Init                           0x08001668   Section        0  stm32l1xx_hal_lcd.o(i.HAL_LCD_Init)
    i.HAL_LCD_MspInit                        0x08001778   Section        0  stm32l1xx_hal_msp.o(i.HAL_LCD_MspInit)
    i.HAL_LCD_UpdateDisplayRequest           0x0800186c   Section        0  stm32l1xx_hal_lcd.o(i.HAL_LCD_UpdateDisplayRequest)
    i.HAL_LCD_Write                          0x080018ca   Section        0  stm32l1xx_hal_lcd.o(i.HAL_LCD_Write)
    i.HAL_MspInit                            0x08001964   Section        0  stm32l1xx_hal_msp.o(i.HAL_MspInit)
    i.HAL_NVIC_EnableIRQ                     0x080019c8   Section        0  stm32l1xx_hal_cortex.o(i.HAL_NVIC_EnableIRQ)
    i.HAL_NVIC_SetPriority                   0x080019e2   Section        0  stm32l1xx_hal_cortex.o(i.HAL_NVIC_SetPriority)
    i.HAL_NVIC_SetPriorityGrouping           0x08001a60   Section        0  stm32l1xx_hal_cortex.o(i.HAL_NVIC_SetPriorityGrouping)
    i.HAL_RCCEx_PeriphCLKConfig              0x08001a88   Section        0  stm32l1xx_hal_rcc_ex.o(i.HAL_RCCEx_PeriphCLKConfig)
    i.HAL_RCC_ClockConfig                    0x08001c8c   Section        0  stm32l1xx_hal_rcc.o(i.HAL_RCC_ClockConfig)
    i.HAL_RCC_GetHCLKFreq                    0x08001f74   Section        0  stm32l1xx_hal_rcc.o(i.HAL_RCC_GetHCLKFreq)
    i.HAL_RCC_GetPCLK1Freq                   0x08001f80   Section        0  stm32l1xx_hal_rcc.o(i.HAL_RCC_GetPCLK1Freq)
    i.HAL_RCC_GetPCLK2Freq                   0x08001fac   Section        0  stm32l1xx_hal_rcc.o(i.HAL_RCC_GetPCLK2Freq)
    i.HAL_RCC_GetSysClockFreq                0x08001fd8   Section        0  stm32l1xx_hal_rcc.o(i.HAL_RCC_GetSysClockFreq)
    i.HAL_RCC_OscConfig                      0x0800208c   Section        0  stm32l1xx_hal_rcc.o(i.HAL_RCC_OscConfig)
    i.HAL_SYSTICK_Config                     0x08002a48   Section        0  stm32l1xx_hal_cortex.o(i.HAL_SYSTICK_Config)
    i.HAL_TIMEx_MasterConfigSynchronization  0x08002a7c   Section        0  stm32l1xx_hal_tim_ex.o(i.HAL_TIMEx_MasterConfigSynchronization)
    i.HAL_TIM_Base_Init                      0x08002ade   Section        0  stm32l1xx_hal_tim.o(i.HAL_TIM_Base_Init)
    i.HAL_TIM_Base_MspInit                   0x08002b14   Section        0  stm32l1xx_hal_msp.o(i.HAL_TIM_Base_MspInit)
    i.HAL_TIM_ConfigClockSource              0x08002be0   Section        0  stm32l1xx_hal_tim.o(i.HAL_TIM_ConfigClockSource)
    i.HAL_UART_Init                          0x08002d12   Section        0  stm32l1xx_hal_uart.o(i.HAL_UART_Init)
    i.HAL_UART_MspInit                       0x08002d80   Section        0  stm32l1xx_hal_msp.o(i.HAL_UART_MspInit)
    i.HAL_UART_Receive_IT                    0x08002e0c   Section        0  stm32l1xx_hal_uart.o(i.HAL_UART_Receive_IT)
    i.HardFault_Handler                      0x08002e92   Section        0  stm32l1xx_it.o(i.HardFault_Handler)
    i.LCD_MspInit                            0x08002e98   Section        0  stm32l152c_discovery_glass_lcd.o(i.LCD_MspInit)
    LCD_MspInit                              0x08002e99   Thumb Code   276  stm32l152c_discovery_glass_lcd.o(i.LCD_MspInit)
    i.LCD_WaitForSynchro                     0x08002fbc   Section        0  stm32l1xx_hal_lcd.o(i.LCD_WaitForSynchro)
    i.MX_ADC_Init                            0x08002ff0   Section        0  main.o(i.MX_ADC_Init)
    MX_ADC_Init                              0x08002ff1   Thumb Code   100  main.o(i.MX_ADC_Init)
    i.MX_DAC_Init                            0x0800305c   Section        0  main.o(i.MX_DAC_Init)
    MX_DAC_Init                              0x0800305d   Thumb Code    50  main.o(i.MX_DAC_Init)
    i.MX_GPIO_Init                           0x08003098   Section        0  main.o(i.MX_GPIO_Init)
    MX_GPIO_Init                             0x08003099   Thumb Code   290  main.o(i.MX_GPIO_Init)
    i.MX_LCD_Init                            0x080031d4   Section        0  main.o(i.MX_LCD_Init)
    MX_LCD_Init                              0x080031d5   Thumb Code    64  main.o(i.MX_LCD_Init)
    i.MX_TIM2_Init                           0x0800321c   Section        0  main.o(i.MX_TIM2_Init)
    MX_TIM2_Init                             0x0800321d   Thumb Code    94  main.o(i.MX_TIM2_Init)
    i.MX_TIM3_Init                           0x08003280   Section        0  main.o(i.MX_TIM3_Init)
    MX_TIM3_Init                             0x08003281   Thumb Code    92  main.o(i.MX_TIM3_Init)
    i.MX_TIM4_Init                           0x080032e4   Section        0  main.o(i.MX_TIM4_Init)
    MX_TIM4_Init                             0x080032e5   Thumb Code    92  main.o(i.MX_TIM4_Init)
    i.MX_TS_Init                             0x08003348   Section        0  main.o(i.MX_TS_Init)
    MX_TS_Init                               0x08003349   Thumb Code     2  main.o(i.MX_TS_Init)
    i.MX_USART1_UART_Init                    0x0800334c   Section        0  main.o(i.MX_USART1_UART_Init)
    MX_USART1_UART_Init                      0x0800334d   Thumb Code    46  main.o(i.MX_USART1_UART_Init)
    i.MemManage_Handler                      0x08003384   Section        0  stm32l1xx_it.o(i.MemManage_Handler)
    i.NMI_Handler                            0x08003388   Section        0  stm32l1xx_it.o(i.NMI_Handler)
    i.NVIC_GetPriorityGrouping               0x0800338c   Section        0  stm32l1xx_hal_cortex.o(i.NVIC_GetPriorityGrouping)
    NVIC_GetPriorityGrouping                 0x0800338d   Thumb Code    10  stm32l1xx_hal_cortex.o(i.NVIC_GetPriorityGrouping)
    i.NVIC_SetPriority                       0x0800339c   Section        0  stm32l1xx_hal_cortex.o(i.NVIC_SetPriority)
    NVIC_SetPriority                         0x0800339d   Thumb Code    32  stm32l1xx_hal_cortex.o(i.NVIC_SetPriority)
    i.PendSV_Handler                         0x080033c4   Section        0  stm32l1xx_it.o(i.PendSV_Handler)
    i.RCC_SetFlashLatencyFromMSIRange        0x080033c8   Section        0  stm32l1xx_hal_rcc.o(i.RCC_SetFlashLatencyFromMSIRange)
    RCC_SetFlashLatencyFromMSIRange          0x080033c9   Thumb Code   158  stm32l1xx_hal_rcc.o(i.RCC_SetFlashLatencyFromMSIRange)
    i.SVC_Handler                            0x08003474   Section        0  stm32l1xx_it.o(i.SVC_Handler)
    i.SysTick_Handler                        0x08003476   Section        0  stm32l1xx_it.o(i.SysTick_Handler)
    i.SystemClock_Config                     0x08003480   Section        0  main.o(i.SystemClock_Config)
    i.SystemInit                             0x08003514   Section        0  system_stm32l1xx.o(i.SystemInit)
    i.TIM3_IRQHandler                        0x08003578   Section        0  main.o(i.TIM3_IRQHandler)
    i.TIM4_IRQHandler                        0x080035c8   Section        0  main.o(i.TIM4_IRQHandler)
    i.TIM_Base_SetConfig                     0x080035fc   Section        0  stm32l1xx_hal_tim.o(i.TIM_Base_SetConfig)
    TIM_Base_SetConfig                       0x080035fd   Thumb Code    90  stm32l1xx_hal_tim.o(i.TIM_Base_SetConfig)
    i.TIM_ETR_SetConfig                      0x0800366c   Section        0  stm32l1xx_hal_tim.o(i.TIM_ETR_SetConfig)
    TIM_ETR_SetConfig                        0x0800366d   Thumb Code    24  stm32l1xx_hal_tim.o(i.TIM_ETR_SetConfig)
    i.TIM_ITRx_SetConfig                     0x08003684   Section        0  stm32l1xx_hal_tim.o(i.TIM_ITRx_SetConfig)
    TIM_ITRx_SetConfig                       0x08003685   Thumb Code    20  stm32l1xx_hal_tim.o(i.TIM_ITRx_SetConfig)
    i.TIM_TI1_ConfigInputStage               0x08003698   Section        0  stm32l1xx_hal_tim.o(i.TIM_TI1_ConfigInputStage)
    TIM_TI1_ConfigInputStage                 0x08003699   Thumb Code    42  stm32l1xx_hal_tim.o(i.TIM_TI1_ConfigInputStage)
    i.TIM_TI2_ConfigInputStage               0x080036c2   Section        0  stm32l1xx_hal_tim.o(i.TIM_TI2_ConfigInputStage)
    TIM_TI2_ConfigInputStage                 0x080036c3   Thumb Code    44  stm32l1xx_hal_tim.o(i.TIM_TI2_ConfigInputStage)
    i.UART_SetConfig                         0x080036f0   Section        0  stm32l1xx_hal_uart.o(i.UART_SetConfig)
    UART_SetConfig                           0x080036f1   Thumb Code   850  stm32l1xx_hal_uart.o(i.UART_SetConfig)
    i.UsageFault_Handler                     0x08003a48   Section        0  stm32l1xx_it.o(i.UsageFault_Handler)
    i.__scatterload_copy                     0x08003a4c   Section       14  handlers.o(i.__scatterload_copy)
    i.__scatterload_null                     0x08003a5a   Section        2  handlers.o(i.__scatterload_null)
    i.__scatterload_zeroinit                 0x08003a5c   Section       14  handlers.o(i.__scatterload_zeroinit)
    i.config_DAC                             0x08003a6c   Section        0  main.o(i.config_DAC)
    i.config_EXTI0                           0x08003a78   Section        0  main.o(i.config_EXTI0)
    i.config_GPIO                            0x08003ac4   Section        0  main.o(i.config_GPIO)
    i.config_OCTAVA3                         0x08003c08   Section        0  main.o(i.config_OCTAVA3)
    i.config_OCTAVA4                         0x08003c7c   Section        0  main.o(i.config_OCTAVA4)
    i.config_TIM2                            0x08003cf0   Section        0  main.o(i.config_TIM2)
    i.config_TIM3                            0x08003d2c   Section        0  main.o(i.config_TIM3)
    i.config_TIM4                            0x08003d9c   Section        0  main.o(i.config_TIM4)
    i.config_UART                            0x08003e0c   Section        0  main.o(i.config_UART)
    i.duracionMelodia                        0x08003e54   Section        0  main.o(i.duracionMelodia)
    i.espera                                 0x08003e80   Section        0  mi_biblioteca.o(i.espera)
    i.espera_decima_segundo                  0x08003ebc   Section        0  mi_biblioteca.o(i.espera_decima_segundo)
    i.espera_segundo                         0x08003eec   Section        0  mi_biblioteca.o(i.espera_segundo)
    i.frecuenciaMelodia                      0x08003f08   Section        0  main.o(i.frecuenciaMelodia)
    i.funcionMELODIAS                        0x08003f58   Section        0  main.o(i.funcionMELODIAS)
    i.funcionPIANO_OndaSenoidal              0x0800438c   Section        0  main.o(i.funcionPIANO_OndaSenoidal)
    i.main                                   0x080048b8   Section        0  main.o(i.main)
    .constdata                               0x080049c0   Section     1344  main.o(.constdata)
    .constdata                               0x08004f00   Section       72  stm32l152c_discovery_glass_lcd.o(.constdata)
    .constdata                               0x08004f48   Section       33  system_stm32l1xx.o(.constdata)
    .data                                    0x20000000   Section      216  main.o(.data)
    periodoDO_Octava3                        0x20000098   Data           4  main.o(.data)
    periodoRE_Octava3                        0x2000009c   Data           4  main.o(.data)
    periodoMI_Octava3                        0x200000a0   Data           4  main.o(.data)
    periodoFA_Octava3                        0x200000a4   Data           4  main.o(.data)
    periodoSOL_Octava3                       0x200000a8   Data           4  main.o(.data)
    periodoLA_Octava3                        0x200000ac   Data           4  main.o(.data)
    periodoSI_Octava3                        0x200000b0   Data           4  main.o(.data)
    periodoDO_Octava4                        0x200000b4   Data           4  main.o(.data)
    periodoRE_Octava4                        0x200000b8   Data           4  main.o(.data)
    periodoMI_Octava4                        0x200000bc   Data           4  main.o(.data)
    periodoFA_Octava4                        0x200000c0   Data           4  main.o(.data)
    periodoSOL_Octava4                       0x200000c4   Data           4  main.o(.data)
    periodoLA_Octava4                        0x200000c8   Data           4  main.o(.data)
    periodoSI_Octava4                        0x200000cc   Data           4  main.o(.data)
    n                                        0x200000d4   Data           4  main.o(.data)
    .data                                    0x200000d8   Section        2  stm32l152c_discovery_glass_lcd.o(.data)
    .data                                    0x200000dc   Section        4  stm32l1xx_hal.o(.data)
    .data                                    0x200000e0   Section        4  system_stm32l1xx.o(.data)
    .bss                                     0x200000e4   Section      396  main.o(.bss)
    .bss                                     0x20000270   Section       76  stm32l152c_discovery_glass_lcd.o(.bss)
    STACK                                    0x200002c0   Section     1024  startup_stm32l152xb.o(STACK)

    Global Symbols

    Symbol Name                              Value     Ov Type        Size  Object(Section)

    BuildAttributes$$THM_ISAv4$P$D$K$B$S$PE$A:L22UL41UL21$X:L11$S22US41US21$IEEE1$IW$USESV6$~STKCKD$USESV7$~SHL$OSPACE$ROPI$EBA8$MICROLIB$REQ8$PRES8$EABIv2 0x00000000   Number         0  anon$$obj.o ABSOLUTE
    __ARM_use_no_argv                        0x00000000   Number         0  main.o ABSOLUTE
    __cpp_initialize__aeabi_                  - Undefined Weak Reference
    __cxa_finalize                            - Undefined Weak Reference
    __decompress                              - Undefined Weak Reference
    _clock_init                               - Undefined Weak Reference
    _microlib_exit                            - Undefined Weak Reference
    __Vectors_Size                           0x000000f4   Number         0  startup_stm32l152xb.o ABSOLUTE
    __Vectors                                0x08000000   Data           4  startup_stm32l152xb.o(RESET)
    __Vectors_End                            0x080000f4   Data           0  startup_stm32l152xb.o(RESET)
    __main                                   0x080000f5   Thumb Code     0  entry.o(.ARM.Collect$$$$00000000)
    _main_stk                                0x080000f5   Thumb Code     0  entry2.o(.ARM.Collect$$$$00000001)
    _main_scatterload                        0x080000f9   Thumb Code     0  entry5.o(.ARM.Collect$$$$00000004)
    __main_after_scatterload                 0x080000fd   Thumb Code     0  entry5.o(.ARM.Collect$$$$00000004)
    _main_clock                              0x080000fd   Thumb Code     0  entry7b.o(.ARM.Collect$$$$00000008)
    _main_cpp_init                           0x080000fd   Thumb Code     0  entry8b.o(.ARM.Collect$$$$0000000A)
    _main_init                               0x080000fd   Thumb Code     0  entry9a.o(.ARM.Collect$$$$0000000B)
    __rt_final_cpp                           0x08000105   Thumb Code     0  entry10a.o(.ARM.Collect$$$$0000000D)
    __rt_final_exit                          0x08000105   Thumb Code     0  entry11a.o(.ARM.Collect$$$$0000000F)
    Reset_Handler                            0x08000109   Thumb Code     8  startup_stm32l152xb.o(.text)
    ADC1_IRQHandler                          0x08000123   Thumb Code     0  startup_stm32l152xb.o(.text)
    COMP_IRQHandler                          0x08000123   Thumb Code     0  startup_stm32l152xb.o(.text)
    DAC_IRQHandler                           0x08000123   Thumb Code     0  startup_stm32l152xb.o(.text)
    DMA1_Channel1_IRQHandler                 0x08000123   Thumb Code     0  startup_stm32l152xb.o(.text)
    DMA1_Channel2_IRQHandler                 0x08000123   Thumb Code     0  startup_stm32l152xb.o(.text)
    DMA1_Channel3_IRQHandler                 0x08000123   Thumb Code     0  startup_stm32l152xb.o(.text)
    DMA1_Channel4_IRQHandler                 0x08000123   Thumb Code     0  startup_stm32l152xb.o(.text)
    DMA1_Channel5_IRQHandler                 0x08000123   Thumb Code     0  startup_stm32l152xb.o(.text)
    DMA1_Channel6_IRQHandler                 0x08000123   Thumb Code     0  startup_stm32l152xb.o(.text)
    DMA1_Channel7_IRQHandler                 0x08000123   Thumb Code     0  startup_stm32l152xb.o(.text)
    EXTI15_10_IRQHandler                     0x08000123   Thumb Code     0  startup_stm32l152xb.o(.text)
    EXTI1_IRQHandler                         0x08000123   Thumb Code     0  startup_stm32l152xb.o(.text)
    EXTI2_IRQHandler                         0x08000123   Thumb Code     0  startup_stm32l152xb.o(.text)
    EXTI3_IRQHandler                         0x08000123   Thumb Code     0  startup_stm32l152xb.o(.text)
    EXTI4_IRQHandler                         0x08000123   Thumb Code     0  startup_stm32l152xb.o(.text)
    EXTI9_5_IRQHandler                       0x08000123   Thumb Code     0  startup_stm32l152xb.o(.text)
    FLASH_IRQHandler                         0x08000123   Thumb Code     0  startup_stm32l152xb.o(.text)
    I2C1_ER_IRQHandler                       0x08000123   Thumb Code     0  startup_stm32l152xb.o(.text)
    I2C1_EV_IRQHandler                       0x08000123   Thumb Code     0  startup_stm32l152xb.o(.text)
    I2C2_ER_IRQHandler                       0x08000123   Thumb Code     0  startup_stm32l152xb.o(.text)
    I2C2_EV_IRQHandler                       0x08000123   Thumb Code     0  startup_stm32l152xb.o(.text)
    LCD_IRQHandler                           0x08000123   Thumb Code     0  startup_stm32l152xb.o(.text)
    PVD_IRQHandler                           0x08000123   Thumb Code     0  startup_stm32l152xb.o(.text)
    RCC_IRQHandler                           0x08000123   Thumb Code     0  startup_stm32l152xb.o(.text)
    RTC_Alarm_IRQHandler                     0x08000123   Thumb Code     0  startup_stm32l152xb.o(.text)
    RTC_WKUP_IRQHandler                      0x08000123   Thumb Code     0  startup_stm32l152xb.o(.text)
    SPI1_IRQHandler                          0x08000123   Thumb Code     0  startup_stm32l152xb.o(.text)
    SPI2_IRQHandler                          0x08000123   Thumb Code     0  startup_stm32l152xb.o(.text)
    TAMPER_STAMP_IRQHandler                  0x08000123   Thumb Code     0  startup_stm32l152xb.o(.text)
    TIM10_IRQHandler                         0x08000123   Thumb Code     0  startup_stm32l152xb.o(.text)
    TIM11_IRQHandler                         0x08000123   Thumb Code     0  startup_stm32l152xb.o(.text)
    TIM2_IRQHandler                          0x08000123   Thumb Code     0  startup_stm32l152xb.o(.text)
    TIM6_IRQHandler                          0x08000123   Thumb Code     0  startup_stm32l152xb.o(.text)
    TIM7_IRQHandler                          0x08000123   Thumb Code     0  startup_stm32l152xb.o(.text)
    TIM9_IRQHandler                          0x08000123   Thumb Code     0  startup_stm32l152xb.o(.text)
    USART1_IRQHandler                        0x08000123   Thumb Code     0  startup_stm32l152xb.o(.text)
    USART2_IRQHandler                        0x08000123   Thumb Code     0  startup_stm32l152xb.o(.text)
    USART3_IRQHandler                        0x08000123   Thumb Code     0  startup_stm32l152xb.o(.text)
    USB_FS_WKUP_IRQHandler                   0x08000123   Thumb Code     0  startup_stm32l152xb.o(.text)
    USB_HP_IRQHandler                        0x08000123   Thumb Code     0  startup_stm32l152xb.o(.text)
    USB_LP_IRQHandler                        0x08000123   Thumb Code     0  startup_stm32l152xb.o(.text)
    WWDG_IRQHandler                          0x08000123   Thumb Code     0  startup_stm32l152xb.o(.text)
    __aeabi_memcpy                           0x0800012d   Thumb Code    36  memcpya.o(.text)
    __aeabi_memcpy4                          0x0800012d   Thumb Code     0  memcpya.o(.text)
    __aeabi_memcpy8                          0x0800012d   Thumb Code     0  memcpya.o(.text)
    __aeabi_memset                           0x08000151   Thumb Code    14  memseta.o(.text)
    __aeabi_memset4                          0x08000151   Thumb Code     0  memseta.o(.text)
    __aeabi_memset8                          0x08000151   Thumb Code     0  memseta.o(.text)
    __aeabi_memclr                           0x0800015f   Thumb Code     4  memseta.o(.text)
    __aeabi_memclr4                          0x0800015f   Thumb Code     0  memseta.o(.text)
    __aeabi_memclr8                          0x0800015f   Thumb Code     0  memseta.o(.text)
    _memset$wrapper                          0x08000163   Thumb Code    18  memseta.o(.text)
    __aeabi_dadd                             0x08000175   Thumb Code   322  dadd.o(.text)
    __aeabi_dsub                             0x080002b7   Thumb Code     6  dadd.o(.text)
    __aeabi_drsub                            0x080002bd   Thumb Code     6  dadd.o(.text)
    __aeabi_cdcmpeq                          0x080002c5   Thumb Code     0  cdcmple.o(.text)
    __aeabi_cdcmple                          0x080002c5   Thumb Code    48  cdcmple.o(.text)
    __aeabi_cdrcmple                         0x080002f5   Thumb Code    48  cdrcmple.o(.text)
    __aeabi_llsl                             0x08000325   Thumb Code    30  llshl.o(.text)
    _ll_shift_l                              0x08000325   Thumb Code     0  llshl.o(.text)
    __aeabi_lasr                             0x08000343   Thumb Code    36  llsshr.o(.text)
    _ll_sshift_r                             0x08000343   Thumb Code     0  llsshr.o(.text)
    __I$use$fp                               0x08000367   Thumb Code     0  iusefp.o(.text)
    _double_round                            0x08000367   Thumb Code    30  depilogue.o(.text)
    _double_epilogue                         0x08000385   Thumb Code   156  depilogue.o(.text)
    __scatterload                            0x08000421   Thumb Code    28  init.o(.text)
    __scatterload_rt2                        0x08000421   Thumb Code     0  init.o(.text)
    __aeabi_llsr                             0x08000445   Thumb Code    32  llushr.o(.text)
    _ll_ushift_r                             0x08000445   Thumb Code     0  llushr.o(.text)
    BSP_LCD_GLASS_BarLevelConfig             0x08000465   Thumb Code   218  stm32l152c_discovery_glass_lcd.o(i.BSP_LCD_GLASS_BarLevelConfig)
    BSP_LCD_GLASS_Clear                      0x08000549   Thumb Code    10  stm32l152c_discovery_glass_lcd.o(i.BSP_LCD_GLASS_Clear)
    BSP_LCD_GLASS_DisplayChar                0x08000559   Thumb Code  1548  stm32l152c_discovery_glass_lcd.o(i.BSP_LCD_GLASS_DisplayChar)
    BSP_LCD_GLASS_DisplayString              0x08000b6d   Thumb Code    54  stm32l152c_discovery_glass_lcd.o(i.BSP_LCD_GLASS_DisplayString)
    BSP_LCD_GLASS_Init                       0x08000ba5   Thumb Code    76  stm32l152c_discovery_glass_lcd.o(i.BSP_LCD_GLASS_Init)
    BSP_LCD_GLASS_ScrollSentence             0x08000bf9   Thumb Code   222  stm32l152c_discovery_glass_lcd.o(i.BSP_LCD_GLASS_ScrollSentence)
    BSP_LCD_GLASS_WriteChar                  0x08000cdd   Thumb Code    36  stm32l152c_discovery_glass_lcd.o(i.BSP_LCD_GLASS_WriteChar)
    BusFault_Handler                         0x08000d05   Thumb Code     4  stm32l1xx_it.o(i.BusFault_Handler)
    DebugMon_Handler                         0x08000e35   Thumb Code     2  stm32l1xx_it.o(i.DebugMon_Handler)
    EXTI0_IRQHandler                         0x08000e39   Thumb Code    62  main.o(i.EXTI0_IRQHandler)
    Error_Handler                            0x08000e85   Thumb Code     2  main.o(i.Error_Handler)
    HAL_ADC_ConfigChannel                    0x08000e89   Thumb Code   460  stm32l1xx_hal_adc.o(i.HAL_ADC_ConfigChannel)
    HAL_ADC_Init                             0x08001061   Thumb Code   440  stm32l1xx_hal_adc.o(i.HAL_ADC_Init)
    HAL_ADC_MspInit                          0x0800122d   Thumb Code   102  stm32l1xx_hal_msp.o(i.HAL_ADC_MspInit)
    HAL_DAC_ConfigChannel                    0x080012a1   Thumb Code    88  stm32l1xx_hal_dac.o(i.HAL_DAC_ConfigChannel)
    HAL_DAC_Init                             0x080012f9   Thumb Code    40  stm32l1xx_hal_dac.o(i.HAL_DAC_Init)
    HAL_DAC_MspInit                          0x08001321   Thumb Code   106  stm32l1xx_hal_msp.o(i.HAL_DAC_MspInit)
    HAL_Delay                                0x08001399   Thumb Code    26  stm32l1xx_hal.o(i.HAL_Delay)
    HAL_GPIO_Init                            0x080013b5   Thumb Code   430  stm32l1xx_hal_gpio.o(i.HAL_GPIO_Init)
    HAL_GetTick                              0x08001585   Thumb Code     6  stm32l1xx_hal.o(i.HAL_GetTick)
    HAL_IncTick                              0x08001591   Thumb Code    12  stm32l1xx_hal.o(i.HAL_IncTick)
    HAL_Init                                 0x080015a1   Thumb Code    22  stm32l1xx_hal.o(i.HAL_Init)
    HAL_InitTick                             0x080015b9   Thumb Code    36  stm32l1xx_hal.o(i.HAL_InitTick)
    HAL_LCD_Clear                            0x080015e1   Thumb Code   136  stm32l1xx_hal_lcd.o(i.HAL_LCD_Clear)
    HAL_LCD_Init                             0x08001669   Thumb Code   268  stm32l1xx_hal_lcd.o(i.HAL_LCD_Init)
    HAL_LCD_MspInit                          0x08001779   Thumb Code   222  stm32l1xx_hal_msp.o(i.HAL_LCD_MspInit)
    HAL_LCD_UpdateDisplayRequest             0x0800186d   Thumb Code    94  stm32l1xx_hal_lcd.o(i.HAL_LCD_UpdateDisplayRequest)
    HAL_LCD_Write                            0x080018cb   Thumb Code   152  stm32l1xx_hal_lcd.o(i.HAL_LCD_Write)
    HAL_MspInit                              0x08001965   Thumb Code    94  stm32l1xx_hal_msp.o(i.HAL_MspInit)
    HAL_NVIC_EnableIRQ                       0x080019c9   Thumb Code    26  stm32l1xx_hal_cortex.o(i.HAL_NVIC_EnableIRQ)
    HAL_NVIC_SetPriority                     0x080019e3   Thumb Code   124  stm32l1xx_hal_cortex.o(i.HAL_NVIC_SetPriority)
    HAL_NVIC_SetPriorityGrouping             0x08001a61   Thumb Code    32  stm32l1xx_hal_cortex.o(i.HAL_NVIC_SetPriorityGrouping)
    HAL_RCCEx_PeriphCLKConfig                0x08001a89   Thumb Code   502  stm32l1xx_hal_rcc_ex.o(i.HAL_RCCEx_PeriphCLKConfig)
    HAL_RCC_ClockConfig                      0x08001c8d   Thumb Code   728  stm32l1xx_hal_rcc.o(i.HAL_RCC_ClockConfig)
    HAL_RCC_GetHCLKFreq                      0x08001f75   Thumb Code     6  stm32l1xx_hal_rcc.o(i.HAL_RCC_GetHCLKFreq)
    HAL_RCC_GetPCLK1Freq                     0x08001f81   Thumb Code    36  stm32l1xx_hal_rcc.o(i.HAL_RCC_GetPCLK1Freq)
    HAL_RCC_GetPCLK2Freq                     0x08001fad   Thumb Code    36  stm32l1xx_hal_rcc.o(i.HAL_RCC_GetPCLK2Freq)
    HAL_RCC_GetSysClockFreq                  0x08001fd9   Thumb Code   164  stm32l1xx_hal_rcc.o(i.HAL_RCC_GetSysClockFreq)
    HAL_RCC_OscConfig                        0x0800208d   Thumb Code  2484  stm32l1xx_hal_rcc.o(i.HAL_RCC_OscConfig)
    HAL_SYSTICK_Config                       0x08002a49   Thumb Code    52  stm32l1xx_hal_cortex.o(i.HAL_SYSTICK_Config)
    HAL_TIMEx_MasterConfigSynchronization    0x08002a7d   Thumb Code    98  stm32l1xx_hal_tim_ex.o(i.HAL_TIMEx_MasterConfigSynchronization)
    HAL_TIM_Base_Init                        0x08002adf   Thumb Code    52  stm32l1xx_hal_tim.o(i.HAL_TIM_Base_Init)
    HAL_TIM_Base_MspInit                     0x08002b15   Thumb Code   188  stm32l1xx_hal_msp.o(i.HAL_TIM_Base_MspInit)
    HAL_TIM_ConfigClockSource                0x08002be1   Thumb Code   306  stm32l1xx_hal_tim.o(i.HAL_TIM_ConfigClockSource)
    HAL_UART_Init                            0x08002d13   Thumb Code   110  stm32l1xx_hal_uart.o(i.HAL_UART_Init)
    HAL_UART_MspInit                         0x08002d81   Thumb Code   126  stm32l1xx_hal_msp.o(i.HAL_UART_MspInit)
    HAL_UART_Receive_IT                      0x08002e0d   Thumb Code   134  stm32l1xx_hal_uart.o(i.HAL_UART_Receive_IT)
    HardFault_Handler                        0x08002e93   Thumb Code     4  stm32l1xx_it.o(i.HardFault_Handler)
    LCD_WaitForSynchro                       0x08002fbd   Thumb Code    50  stm32l1xx_hal_lcd.o(i.LCD_WaitForSynchro)
    MemManage_Handler                        0x08003385   Thumb Code     4  stm32l1xx_it.o(i.MemManage_Handler)
    NMI_Handler                              0x08003389   Thumb Code     2  stm32l1xx_it.o(i.NMI_Handler)
    PendSV_Handler                           0x080033c5   Thumb Code     2  stm32l1xx_it.o(i.PendSV_Handler)
    SVC_Handler                              0x08003475   Thumb Code     2  stm32l1xx_it.o(i.SVC_Handler)
    SysTick_Handler                          0x08003477   Thumb Code     8  stm32l1xx_it.o(i.SysTick_Handler)
    SystemClock_Config                       0x08003481   Thumb Code   142  main.o(i.SystemClock_Config)
    SystemInit                               0x08003515   Thumb Code    82  system_stm32l1xx.o(i.SystemInit)
    TIM3_IRQHandler                          0x08003579   Thumb Code    62  main.o(i.TIM3_IRQHandler)
    TIM4_IRQHandler                          0x080035c9   Thumb Code    46  main.o(i.TIM4_IRQHandler)
    UsageFault_Handler                       0x08003a49   Thumb Code     4  stm32l1xx_it.o(i.UsageFault_Handler)
    __scatterload_copy                       0x08003a4d   Thumb Code    14  handlers.o(i.__scatterload_copy)
    __scatterload_null                       0x08003a5b   Thumb Code     2  handlers.o(i.__scatterload_null)
    __scatterload_zeroinit                   0x08003a5d   Thumb Code    14  handlers.o(i.__scatterload_zeroinit)
    config_DAC                               0x08003a6d   Thumb Code     8  main.o(i.config_DAC)
    config_EXTI0                             0x08003a79   Thumb Code    64  main.o(i.config_EXTI0)
    config_GPIO                              0x08003ac5   Thumb Code   302  main.o(i.config_GPIO)
    config_OCTAVA3                           0x08003c09   Thumb Code    58  main.o(i.config_OCTAVA3)
    config_OCTAVA4                           0x08003c7d   Thumb Code    58  main.o(i.config_OCTAVA4)
    config_TIM2                              0x08003cf1   Thumb Code    60  main.o(i.config_TIM2)
    config_TIM3                              0x08003d2d   Thumb Code   104  main.o(i.config_TIM3)
    config_TIM4                              0x08003d9d   Thumb Code   102  main.o(i.config_TIM4)
    config_UART                              0x08003e0d   Thumb Code    62  main.o(i.config_UART)
    duracionMelodia                          0x08003e55   Thumb Code    40  main.o(i.duracionMelodia)
    espera                                   0x08003e81   Thumb Code    54  mi_biblioteca.o(i.espera)
    espera_decima_segundo                    0x08003ebd   Thumb Code    40  mi_biblioteca.o(i.espera_decima_segundo)
    espera_segundo                           0x08003eed   Thumb Code    26  mi_biblioteca.o(i.espera_segundo)
    frecuenciaMelodia                        0x08003f09   Thumb Code    74  main.o(i.frecuenciaMelodia)
    funcionMELODIAS                          0x08003f59   Thumb Code   926  main.o(i.funcionMELODIAS)
    funcionPIANO_OndaSenoidal                0x0800438d   Thumb Code  1300  main.o(i.funcionPIANO_OndaSenoidal)
    main                                     0x080048b9   Thumb Code   222  main.o(i.main)
    CapLetterMap                             0x08004f00   Data          52  stm32l152c_discovery_glass_lcd.o(.constdata)
    NumberMap                                0x08004f34   Data          20  stm32l152c_discovery_glass_lcd.o(.constdata)
    PLLMulTable                              0x08004f48   Data           9  system_stm32l1xx.o(.constdata)
    AHBPrescTable                            0x08004f51   Data          16  system_stm32l1xx.o(.constdata)
    APBPrescTable                            0x08004f61   Data           8  system_stm32l1xx.o(.constdata)
    Region$$Table$$Base                      0x08004f6c   Number         0  anon$$obj.o(Region$$Table)
    Region$$Table$$Limit                     0x08004f8c   Number         0  anon$$obj.o(Region$$Table)
    valorTecla2DO                            0x20000000   Data           4  main.o(.data)
    valorTecla1DO                            0x20000004   Data           4  main.o(.data)
    valorTeclaDO                             0x20000008   Data           4  main.o(.data)
    valorTecla2RE                            0x2000000c   Data           4  main.o(.data)
    valorTecla1RE                            0x20000010   Data           4  main.o(.data)
    valorTeclaRE                             0x20000014   Data           4  main.o(.data)
    valorTecla2MI                            0x20000018   Data           4  main.o(.data)
    valorTecla1MI                            0x2000001c   Data           4  main.o(.data)
    valorTeclaMI                             0x20000020   Data           4  main.o(.data)
    valorTecla2FA                            0x20000024   Data           4  main.o(.data)
    valorTecla1FA                            0x20000028   Data           4  main.o(.data)
    valorTeclaFA                             0x2000002c   Data           4  main.o(.data)
    valorTecla2SOL                           0x20000030   Data           4  main.o(.data)
    valorTecla1SOL                           0x20000034   Data           4  main.o(.data)
    valorTeclaSOL                            0x20000038   Data           4  main.o(.data)
    valorTecla2LA                            0x2000003c   Data           4  main.o(.data)
    valorTecla1LA                            0x20000040   Data           4  main.o(.data)
    valorTeclaLA                             0x20000044   Data           4  main.o(.data)
    valorTecla2SI                            0x20000048   Data           4  main.o(.data)
    valorTecla1SI                            0x2000004c   Data           4  main.o(.data)
    valorTeclaSI                             0x20000050   Data           4  main.o(.data)
    pulsacion                                0x20000054   Data           4  main.o(.data)
    flag                                     0x20000058   Data           4  main.o(.data)
    lenght                                   0x2000005c   Data           4  main.o(.data)
    sonido                                   0x20000060   Data           4  main.o(.data)
    i                                        0x20000064   Data           4  main.o(.data)
    seno                                     0x20000068   Data          20  main.o(.data)
    periodoDO                                0x2000007c   Data           4  main.o(.data)
    periodoRE                                0x20000080   Data           4  main.o(.data)
    periodoMI                                0x20000084   Data           4  main.o(.data)
    periodoFA                                0x20000088   Data           4  main.o(.data)
    periodoSOL                               0x2000008c   Data           4  main.o(.data)
    periodoLA                                0x20000090   Data           4  main.o(.data)
    periodoSI                                0x20000094   Data           4  main.o(.data)
    valorUART                                0x200000d0   Data           1  main.o(.data)
    bLCDGlass_KeyPressed                     0x200000d8   Data           1  stm32l152c_discovery_glass_lcd.o(.data)
    LCDBar                                   0x200000d9   Data           1  stm32l152c_discovery_glass_lcd.o(.data)
    uwTick                                   0x200000dc   Data           4  stm32l1xx_hal.o(.data)
    SystemCoreClock                          0x200000e0   Data           4  system_stm32l1xx.o(.data)
    hadc                                     0x200000e4   Data          84  main.o(.bss)
    hdac                                     0x20000138   Data          20  main.o(.bss)
    hlcd                                     0x2000014c   Data          60  main.o(.bss)
    htim2                                    0x20000188   Data          56  main.o(.bss)
    htim3                                    0x200001c0   Data          56  main.o(.bss)
    htim4                                    0x200001f8   Data          56  main.o(.bss)
    huart1                                   0x20000230   Data          64  main.o(.bss)
    LCDHandle                                0x20000270   Data          60  stm32l152c_discovery_glass_lcd.o(.bss)
    Digit                                    0x200002ac   Data          16  stm32l152c_discovery_glass_lcd.o(.bss)
    __initial_sp                             0x200006c0   Data           0  startup_stm32l152xb.o(STACK)



==============================================================================

Memory Map of the image

  Image Entry point : 0x080000f5

  Load Region LR_IROM1 (Base: 0x08000000, Size: 0x00005070, Max: 0x00020000, ABSOLUTE)

    Execution Region ER_IROM1 (Exec base: 0x08000000, Load base: 0x08000000, Size: 0x00004f8c, Max: 0x00020000, ABSOLUTE)

    Exec Addr    Load Addr    Size         Type   Attr      Idx    E Section Name        Object

    0x08000000   0x08000000   0x000000f4   Data   RO            3    RESET               startup_stm32l152xb.o
    0x080000f4   0x080000f4   0x00000000   Code   RO         3295  * .ARM.Collect$$$$00000000  mc_w.l(entry.o)
    0x080000f4   0x080000f4   0x00000004   Code   RO         3310    .ARM.Collect$$$$00000001  mc_w.l(entry2.o)
    0x080000f8   0x080000f8   0x00000004   Code   RO         3313    .ARM.Collect$$$$00000004  mc_w.l(entry5.o)
    0x080000fc   0x080000fc   0x00000000   Code   RO         3315    .ARM.Collect$$$$00000008  mc_w.l(entry7b.o)
    0x080000fc   0x080000fc   0x00000000   Code   RO         3317    .ARM.Collect$$$$0000000A  mc_w.l(entry8b.o)
    0x080000fc   0x080000fc   0x00000008   Code   RO         3318    .ARM.Collect$$$$0000000B  mc_w.l(entry9a.o)
    0x08000104   0x08000104   0x00000000   Code   RO         3320    .ARM.Collect$$$$0000000D  mc_w.l(entry10a.o)
    0x08000104   0x08000104   0x00000000   Code   RO         3322    .ARM.Collect$$$$0000000F  mc_w.l(entry11a.o)
    0x08000104   0x08000104   0x00000004   Code   RO         3311    .ARM.Collect$$$$00002712  mc_w.l(entry2.o)
    0x08000108   0x08000108   0x00000024   Code   RO            4    .text               startup_stm32l152xb.o
    0x0800012c   0x0800012c   0x00000024   Code   RO         3298    .text               mc_w.l(memcpya.o)
    0x08000150   0x08000150   0x00000024   Code   RO         3300    .text               mc_w.l(memseta.o)
    0x08000174   0x08000174   0x0000014e   Code   RO         3304    .text               mf_w.l(dadd.o)
    0x080002c2   0x080002c2   0x00000002   PAD
    0x080002c4   0x080002c4   0x00000030   Code   RO         3306    .text               mf_w.l(cdcmple.o)
    0x080002f4   0x080002f4   0x00000030   Code   RO         3308    .text               mf_w.l(cdrcmple.o)
    0x08000324   0x08000324   0x0000001e   Code   RO         3324    .text               mc_w.l(llshl.o)
    0x08000342   0x08000342   0x00000024   Code   RO         3326    .text               mc_w.l(llsshr.o)
    0x08000366   0x08000366   0x00000000   Code   RO         3328    .text               mc_w.l(iusefp.o)
    0x08000366   0x08000366   0x000000ba   Code   RO         3329    .text               mf_w.l(depilogue.o)
    0x08000420   0x08000420   0x00000024   Code   RO         3331    .text               mc_w.l(init.o)
    0x08000444   0x08000444   0x00000020   Code   RO         3333    .text               mc_w.l(llushr.o)
    0x08000464   0x08000464   0x000000e4   Code   RO          613    i.BSP_LCD_GLASS_BarLevelConfig  stm32l152c_discovery_glass_lcd.o
    0x08000548   0x08000548   0x00000010   Code   RO          615    i.BSP_LCD_GLASS_Clear  stm32l152c_discovery_glass_lcd.o
    0x08000558   0x08000558   0x00000614   Code   RO          620    i.BSP_LCD_GLASS_DisplayChar  stm32l152c_discovery_glass_lcd.o
    0x08000b6c   0x08000b6c   0x00000036   Code   RO          622    i.BSP_LCD_GLASS_DisplayString  stm32l152c_discovery_glass_lcd.o
    0x08000ba2   0x08000ba2   0x00000002   PAD
    0x08000ba4   0x08000ba4   0x00000054   Code   RO          623    i.BSP_LCD_GLASS_Init  stm32l152c_discovery_glass_lcd.o
    0x08000bf8   0x08000bf8   0x000000e4   Code   RO          624    i.BSP_LCD_GLASS_ScrollSentence  stm32l152c_discovery_glass_lcd.o
    0x08000cdc   0x08000cdc   0x00000028   Code   RO          625    i.BSP_LCD_GLASS_WriteChar  stm32l152c_discovery_glass_lcd.o
    0x08000d04   0x08000d04   0x00000004   Code   RO          389    i.BusFault_Handler  stm32l1xx_it.o
    0x08000d08   0x08000d08   0x0000012c   Code   RO          626    i.Convert           stm32l152c_discovery_glass_lcd.o
    0x08000e34   0x08000e34   0x00000002   Code   RO          390    i.DebugMon_Handler  stm32l1xx_it.o
    0x08000e36   0x08000e36   0x00000002   PAD
    0x08000e38   0x08000e38   0x0000004c   Code   RO          183    i.EXTI0_IRQHandler  main.o
    0x08000e84   0x08000e84   0x00000002   Code   RO          184    i.Error_Handler     main.o
    0x08000e86   0x08000e86   0x00000002   PAD
    0x08000e88   0x08000e88   0x000001d8   Code   RO          735    i.HAL_ADC_ConfigChannel  stm32l1xx_hal_adc.o
    0x08001060   0x08001060   0x000001cc   Code   RO          744    i.HAL_ADC_Init      stm32l1xx_hal_adc.o
    0x0800122c   0x0800122c   0x00000074   Code   RO          466    i.HAL_ADC_MspInit   stm32l1xx_hal_msp.o
    0x080012a0   0x080012a0   0x00000058   Code   RO          975    i.HAL_DAC_ConfigChannel  stm32l1xx_hal_dac.o
    0x080012f8   0x080012f8   0x00000028   Code   RO          985    i.HAL_DAC_Init      stm32l1xx_hal_dac.o
    0x08001320   0x08001320   0x00000078   Code   RO          468    i.HAL_DAC_MspInit   stm32l1xx_hal_msp.o
    0x08001398   0x08001398   0x0000001a   Code   RO         2191    i.HAL_Delay         stm32l1xx_hal.o
    0x080013b2   0x080013b2   0x00000002   PAD
    0x080013b4   0x080013b4   0x000001d0   Code   RO         2783    i.HAL_GPIO_Init     stm32l1xx_hal_gpio.o
    0x08001584   0x08001584   0x0000000c   Code   RO         2195    i.HAL_GetTick       stm32l1xx_hal.o
    0x08001590   0x08001590   0x00000010   Code   RO         2196    i.HAL_IncTick       stm32l1xx_hal.o
    0x080015a0   0x080015a0   0x00000016   Code   RO         2197    i.HAL_Init          stm32l1xx_hal.o
    0x080015b6   0x080015b6   0x00000002   PAD
    0x080015b8   0x080015b8   0x00000028   Code   RO         2198    i.HAL_InitTick      stm32l1xx_hal.o
    0x080015e0   0x080015e0   0x00000088   Code   RO         1197    i.HAL_LCD_Clear     stm32l1xx_hal_lcd.o
    0x08001668   0x08001668   0x00000110   Code   RO         1201    i.HAL_LCD_Init      stm32l1xx_hal_lcd.o
    0x08001778   0x08001778   0x000000f4   Code   RO          470    i.HAL_LCD_MspInit   stm32l1xx_hal_msp.o
    0x0800186c   0x0800186c   0x0000005e   Code   RO         1204    i.HAL_LCD_UpdateDisplayRequest  stm32l1xx_hal_lcd.o
    0x080018ca   0x080018ca   0x00000098   Code   RO         1205    i.HAL_LCD_Write     stm32l1xx_hal_lcd.o
    0x08001962   0x08001962   0x00000002   PAD
    0x08001964   0x08001964   0x00000064   Code   RO          471    i.HAL_MspInit       stm32l1xx_hal_msp.o
    0x080019c8   0x080019c8   0x0000001a   Code   RO         3126    i.HAL_NVIC_EnableIRQ  stm32l1xx_hal_cortex.o
    0x080019e2   0x080019e2   0x0000007c   Code   RO         3132    i.HAL_NVIC_SetPriority  stm32l1xx_hal_cortex.o
    0x08001a5e   0x08001a5e   0x00000002   PAD
    0x08001a60   0x08001a60   0x00000028   Code   RO         3133    i.HAL_NVIC_SetPriorityGrouping  stm32l1xx_hal_cortex.o
    0x08001a88   0x08001a88   0x00000204   Code   RO         2428    i.HAL_RCCEx_PeriphCLKConfig  stm32l1xx_hal_rcc_ex.o
    0x08001c8c   0x08001c8c   0x000002e8   Code   RO         2320    i.HAL_RCC_ClockConfig  stm32l1xx_hal_rcc.o
    0x08001f74   0x08001f74   0x0000000c   Code   RO         2325    i.HAL_RCC_GetHCLKFreq  stm32l1xx_hal_rcc.o
    0x08001f80   0x08001f80   0x0000002c   Code   RO         2327    i.HAL_RCC_GetPCLK1Freq  stm32l1xx_hal_rcc.o
    0x08001fac   0x08001fac   0x0000002c   Code   RO         2328    i.HAL_RCC_GetPCLK2Freq  stm32l1xx_hal_rcc.o
    0x08001fd8   0x08001fd8   0x000000b4   Code   RO         2329    i.HAL_RCC_GetSysClockFreq  stm32l1xx_hal_rcc.o
    0x0800208c   0x0800208c   0x000009bc   Code   RO         2332    i.HAL_RCC_OscConfig  stm32l1xx_hal_rcc.o
    0x08002a48   0x08002a48   0x00000034   Code   RO         3137    i.HAL_SYSTICK_Config  stm32l1xx_hal_cortex.o
    0x08002a7c   0x08002a7c   0x00000062   Code   RO         1912    i.HAL_TIMEx_MasterConfigSynchronization  stm32l1xx_hal_tim_ex.o
    0x08002ade   0x08002ade   0x00000034   Code   RO         1277    i.HAL_TIM_Base_Init  stm32l1xx_hal_tim.o
    0x08002b12   0x08002b12   0x00000002   PAD
    0x08002b14   0x08002b14   0x000000cc   Code   RO          473    i.HAL_TIM_Base_MspInit  stm32l1xx_hal_msp.o
    0x08002be0   0x08002be0   0x00000132   Code   RO         1286    i.HAL_TIM_ConfigClockSource  stm32l1xx_hal_tim.o
    0x08002d12   0x08002d12   0x0000006e   Code   RO         1958    i.HAL_UART_Init     stm32l1xx_hal_uart.o
    0x08002d80   0x08002d80   0x0000008c   Code   RO          475    i.HAL_UART_MspInit  stm32l1xx_hal_msp.o
    0x08002e0c   0x08002e0c   0x00000086   Code   RO         1963    i.HAL_UART_Receive_IT  stm32l1xx_hal_uart.o
    0x08002e92   0x08002e92   0x00000004   Code   RO          391    i.HardFault_Handler  stm32l1xx_it.o
    0x08002e96   0x08002e96   0x00000002   PAD
    0x08002e98   0x08002e98   0x00000124   Code   RO          628    i.LCD_MspInit       stm32l152c_discovery_glass_lcd.o
    0x08002fbc   0x08002fbc   0x00000032   Code   RO         1206    i.LCD_WaitForSynchro  stm32l1xx_hal_lcd.o
    0x08002fee   0x08002fee   0x00000002   PAD
    0x08002ff0   0x08002ff0   0x0000006c   Code   RO          186    i.MX_ADC_Init       main.o
    0x0800305c   0x0800305c   0x0000003c   Code   RO          187    i.MX_DAC_Init       main.o
    0x08003098   0x08003098   0x0000013c   Code   RO          188    i.MX_GPIO_Init      main.o
    0x080031d4   0x080031d4   0x00000048   Code   RO          189    i.MX_LCD_Init       main.o
    0x0800321c   0x0800321c   0x00000064   Code   RO          190    i.MX_TIM2_Init      main.o
    0x08003280   0x08003280   0x00000064   Code   RO          191    i.MX_TIM3_Init      main.o
    0x080032e4   0x080032e4   0x00000064   Code   RO          192    i.MX_TIM4_Init      main.o
    0x08003348   0x08003348   0x00000002   Code   RO          193    i.MX_TS_Init        main.o
    0x0800334a   0x0800334a   0x00000002   PAD
    0x0800334c   0x0800334c   0x00000038   Code   RO          194    i.MX_USART1_UART_Init  main.o
    0x08003384   0x08003384   0x00000004   Code   RO          392    i.MemManage_Handler  stm32l1xx_it.o
    0x08003388   0x08003388   0x00000002   Code   RO          393    i.NMI_Handler       stm32l1xx_it.o
    0x0800338a   0x0800338a   0x00000002   PAD
    0x0800338c   0x0800338c   0x00000010   Code   RO         3139    i.NVIC_GetPriorityGrouping  stm32l1xx_hal_cortex.o
    0x0800339c   0x0800339c   0x00000028   Code   RO         3140    i.NVIC_SetPriority  stm32l1xx_hal_cortex.o
    0x080033c4   0x080033c4   0x00000002   Code   RO          394    i.PendSV_Handler    stm32l1xx_it.o
    0x080033c6   0x080033c6   0x00000002   PAD
    0x080033c8   0x080033c8   0x000000ac   Code   RO         2333    i.RCC_SetFlashLatencyFromMSIRange  stm32l1xx_hal_rcc.o
    0x08003474   0x08003474   0x00000002   Code   RO          395    i.SVC_Handler       stm32l1xx_it.o
    0x08003476   0x08003476   0x00000008   Code   RO          396    i.SysTick_Handler   stm32l1xx_it.o
    0x0800347e   0x0800347e   0x00000002   PAD
    0x08003480   0x08003480   0x00000094   Code   RO          195    i.SystemClock_Config  main.o
    0x08003514   0x08003514   0x00000064   Code   RO         3262    i.SystemInit        system_stm32l1xx.o
    0x08003578   0x08003578   0x00000050   Code   RO          196    i.TIM3_IRQHandler   main.o
    0x080035c8   0x080035c8   0x00000034   Code   RO          197    i.TIM4_IRQHandler   main.o
    0x080035fc   0x080035fc   0x00000070   Code   RO         1361    i.TIM_Base_SetConfig  stm32l1xx_hal_tim.o
    0x0800366c   0x0800366c   0x00000018   Code   RO         1368    i.TIM_ETR_SetConfig  stm32l1xx_hal_tim.o
    0x08003684   0x08003684   0x00000014   Code   RO         1369    i.TIM_ITRx_SetConfig  stm32l1xx_hal_tim.o
    0x08003698   0x08003698   0x0000002a   Code   RO         1375    i.TIM_TI1_ConfigInputStage  stm32l1xx_hal_tim.o
    0x080036c2   0x080036c2   0x0000002c   Code   RO         1377    i.TIM_TI2_ConfigInputStage  stm32l1xx_hal_tim.o
    0x080036ee   0x080036ee   0x00000002   PAD
    0x080036f0   0x080036f0   0x00000358   Code   RO         1978    i.UART_SetConfig    stm32l1xx_hal_uart.o
    0x08003a48   0x08003a48   0x00000004   Code   RO          397    i.UsageFault_Handler  stm32l1xx_it.o
    0x08003a4c   0x08003a4c   0x0000000e   Code   RO         3337    i.__scatterload_copy  mc_w.l(handlers.o)
    0x08003a5a   0x08003a5a   0x00000002   Code   RO         3338    i.__scatterload_null  mc_w.l(handlers.o)
    0x08003a5c   0x08003a5c   0x0000000e   Code   RO         3339    i.__scatterload_zeroinit  mc_w.l(handlers.o)
    0x08003a6a   0x08003a6a   0x00000002   PAD
    0x08003a6c   0x08003a6c   0x0000000c   Code   RO          198    i.config_DAC        main.o
    0x08003a78   0x08003a78   0x0000004c   Code   RO          199    i.config_EXTI0      main.o
    0x08003ac4   0x08003ac4   0x00000144   Code   RO          200    i.config_GPIO       main.o
    0x08003c08   0x08003c08   0x00000074   Code   RO          201    i.config_OCTAVA3    main.o
    0x08003c7c   0x08003c7c   0x00000074   Code   RO          202    i.config_OCTAVA4    main.o
    0x08003cf0   0x08003cf0   0x0000003c   Code   RO          203    i.config_TIM2       main.o
    0x08003d2c   0x08003d2c   0x00000070   Code   RO          204    i.config_TIM3       main.o
    0x08003d9c   0x08003d9c   0x00000070   Code   RO          205    i.config_TIM4       main.o
    0x08003e0c   0x08003e0c   0x00000048   Code   RO          206    i.config_UART       main.o
    0x08003e54   0x08003e54   0x0000002c   Code   RO          207    i.duracionMelodia   main.o
    0x08003e80   0x08003e80   0x0000003c   Code   RO           15    i.espera            mi_biblioteca.o
    0x08003ebc   0x08003ebc   0x00000030   Code   RO           16    i.espera_decima_segundo  mi_biblioteca.o
    0x08003eec   0x08003eec   0x0000001a   Code   RO           18    i.espera_segundo    mi_biblioteca.o
    0x08003f06   0x08003f06   0x00000002   PAD
    0x08003f08   0x08003f08   0x00000050   Code   RO          208    i.frecuenciaMelodia  main.o
    0x08003f58   0x08003f58   0x00000434   Code   RO          209    i.funcionMELODIAS   main.o
    0x0800438c   0x0800438c   0x0000052c   Code   RO          211    i.funcionPIANO_OndaSenoidal  main.o
    0x080048b8   0x080048b8   0x00000108   Code   RO          212    i.main              main.o
    0x080049c0   0x080049c0   0x00000540   Data   RO          214    .constdata          main.o
    0x08004f00   0x08004f00   0x00000048   Data   RO          630    .constdata          stm32l152c_discovery_glass_lcd.o
    0x08004f48   0x08004f48   0x00000021   Data   RO         3263    .constdata          system_stm32l1xx.o
    0x08004f69   0x08004f69   0x00000003   PAD
    0x08004f6c   0x08004f6c   0x00000020   Data   RO         3335    Region$$Table       anon$$obj.o


    Execution Region RW_IRAM1 (Exec base: 0x20000000, Load base: 0x08004f8c, Size: 0x000006c0, Max: 0x00004000, ABSOLUTE)

    Exec Addr    Load Addr    Size         Type   Attr      Idx    E Section Name        Object

    0x20000000   0x08004f8c   0x000000d8   Data   RW          215    .data               main.o
    0x200000d8   0x08005064   0x00000002   Data   RW          631    .data               stm32l152c_discovery_glass_lcd.o
    0x200000da   0x08005066   0x00000002   PAD
    0x200000dc   0x08005068   0x00000004   Data   RW         2203    .data               stm32l1xx_hal.o
    0x200000e0   0x0800506c   0x00000004   Data   RW         3264    .data               system_stm32l1xx.o
    0x200000e4        -       0x0000018c   Zero   RW          213    .bss                main.o
    0x20000270        -       0x0000004c   Zero   RW          629    .bss                stm32l152c_discovery_glass_lcd.o
    0x200002bc   0x08005070   0x00000004   PAD
    0x200002c0        -       0x00000400   Zero   RW            1    STACK               startup_stm32l152xb.o


==============================================================================

Image component sizes


      Code (inc. data)   RO Data    RW Data    ZI Data      Debug   Object Name

      5060        706       1344        216        396      31392   main.o
       134         14          0          0          0     399594   mi_biblioteca.o
        36          8        244          0       1024        828   startup_stm32l152xb.o
      2798        138         72          2         76       8522   stm32l152c_discovery_glass_lcd.o
       116         14          0          4          0       3787   stm32l1xx_hal.o
       932         32          0          0          0       2519   stm32l1xx_hal_adc.o
       298         22          0          0          0      28035   stm32l1xx_hal_cortex.o
       128          0          0          0          0       1899   stm32l1xx_hal_dac.o
       464         34          0          0          0       1632   stm32l1xx_hal_gpio.o
       704          4          0          0          0       4519   stm32l1xx_hal_lcd.o
       924         86          0          0          0       4638   stm32l1xx_hal_msp.o
      3688        106          0          0          0       7116   stm32l1xx_hal_rcc.o
       516         14          0          0          0       1504   stm32l1xx_hal_rcc_ex.o
       600         22          0          0          0       5536   stm32l1xx_hal_tim.o
        98          0          0          0          0       1164   stm32l1xx_hal_tim_ex.o
      1100          6          0          0          0       2646   stm32l1xx_hal_uart.o
        32          0          0          0          0       4038   stm32l1xx_it.o
       100         18         33          4          0       1275   system_stm32l1xx.o

    ----------------------------------------------------------------------
     17760       1224       1728        228       1500     510644   Object Totals
         0          0         32          0          0          0   (incl. Generated)
        32          0          3          2          4          0   (incl. Padding)

    ----------------------------------------------------------------------

      Code (inc. data)   RO Data    RW Data    ZI Data      Debug   Library Member Name

         0          0          0          0          0          0   entry.o
         0          0          0          0          0          0   entry10a.o
         0          0          0          0          0          0   entry11a.o
         8          4          0          0          0          0   entry2.o
         4          0          0          0          0          0   entry5.o
         0          0          0          0          0          0   entry7b.o
         0          0          0          0          0          0   entry8b.o
         8          4          0          0          0          0   entry9a.o
        30          0          0          0          0          0   handlers.o
        36          8          0          0          0         68   init.o
         0          0          0          0          0          0   iusefp.o
        30          0          0          0          0         68   llshl.o
        36          0          0          0          0         68   llsshr.o
        32          0          0          0          0         68   llushr.o
        36          0          0          0          0         68   memcpya.o
        36          0          0          0          0        108   memseta.o
        48          0          0          0          0         68   cdcmple.o
        48          0          0          0          0         68   cdrcmple.o
       334          0          0          0          0        148   dadd.o
       186          0          0          0          0        176   depilogue.o

    ----------------------------------------------------------------------
       876         16          0          0          0        908   Library Totals
         4          0          0          0          0          0   (incl. Padding)

    ----------------------------------------------------------------------

      Code (inc. data)   RO Data    RW Data    ZI Data      Debug   Library Name

       256         16          0          0          0        448   mc_w.l
       616          0          0          0          0        460   mf_w.l

    ----------------------------------------------------------------------
       876         16          0          0          0        908   Library Totals

    ----------------------------------------------------------------------

==============================================================================


      Code (inc. data)   RO Data    RW Data    ZI Data      Debug   

     18636       1240       1728        228       1500     506504   Grand Totals
     18636       1240       1728        228       1500     506504   ELF Image Totals
     18636       1240       1728        228          0          0   ROM Totals

==============================================================================

    Total RO  Size (Code + RO Data)                20364 (  19.89kB)
    Total RW  Size (RW Data + ZI Data)              1728 (   1.69kB)
    Total ROM Size (Code + RO Data + RW Data)      20592 (  20.11kB)

==============================================================================

